Traceback (most recent call last):
  File "F:\repos\hitech-os\apps\code-atlas\capatch_system\capatch_diagnostics\loader.py", line 499, in load_and_activate_plugin
    spec.loader.exec_module(module)
    ~~~~~~~~~~~~~~~~~~~~~~~^^^^^^^^
  File "<frozen importlib._bootstrap_external>", line 1023, in exec_module
  File "<frozen importlib._bootstrap>", line 488, in _call_with_frames_removed
  File "F:\repos\hitech-os\apps\code-atlas\capatch_system\capatch_plugins\active\fixer_safe_runtime_actions.py", line 16, in <module>
    from capatch_engine import evaluate_fix_proposal, sandbox_apply, staged_apply
ImportError: cannot import name 'evaluate_fix_proposal' from 'capatch_engine' (F:\repos\hitech-os\apps\code-atlas\capatch_system\capatch_engine\__init__.py)
[2026-04-10T01:21:53] [load] Plugin rechazado: F:\repos\hitech-os\apps\code-atlas\capatch_system\capatch_plugins\active\fixer_safe_runtime_actions.py
RuntimeError: PLUGIN_MIN_RUNTIME=6.0.0 requiere runtime mas nuevo que 5.0.0
Traceback (most recent call last):
  File "F:\repos\hitech-os\apps\code-atlas\capatch_system\capatch_legacy.py", line 664, in load_and_activate_plugin
    raise RuntimeError(
        f"PLUGIN_MIN_RUNTIME={min_runtime} requiere runtime mas nuevo que {CAPATCH_PLUGIN_RUNTIME_VERSION}"
    )
RuntimeError: PLUGIN_MIN_RUNTIME=6.0.0 requiere runtime mas nuevo que 5.0.0


[2026-04-10T01:21:54] [load] Plugin rechazado: F:\repos\hitech-os\apps\code-atlas\capatch_system\capatch_plugins\active\fixer_safe_runtime_actions.py
RuntimeError: PLUGIN_MIN_RUNTIME=6.0.0 requiere runtime mas nuevo que 5.0.0
Traceback (most recent call last):
  File "F:\repos\hitech-os\apps\code-atlas\capatch_system\capatch_legacy.py", line 664, in load_and_activate_plugin
    raise RuntimeError(
        f"PLUGIN_MIN_RUNTIME={min_runtime} requiere runtime mas nuevo que {CAPATCH_PLUGIN_RUNTIME_VERSION}"
    )
RuntimeError: PLUGIN_MIN_RUNTIME=6.0.0 requiere runtime mas nuevo que 5.0.0


[2026-04-10T01:21:56] [load] Plugin rechazado: F:\repos\hitech-os\apps\code-atlas\capatch_system\capatch_plugins\active\fixer_safe_runtime_actions.py
RuntimeError: PLUGIN_MIN_RUNTIME=6.0.0 requiere runtime mas nuevo que 5.0.0
Traceback (most recent call last):
  File "F:\repos\hitech-os\apps\code-atlas\capatch_system\capatch_legacy.py", line 664, in load_and_activate_plugin
    raise RuntimeError(
        f"PLUGIN_MIN_RUNTIME={min_runtime} requiere runtime mas nuevo que {CAPATCH_PLUGIN_RUNTIME_VERSION}"
    )
RuntimeError: PLUGIN_MIN_RUNTIME=6.0.0 requiere runtime mas nuevo que 5.0.0


[2026-04-10T01:21:56] [load] Plugin rechazado: F:\repos\hitech-os\apps\code-atlas\capatch_system\capatch_plugins\active\fixer_safe_runtime_actions.py
RuntimeError: PLUGIN_MIN_RUNTIME=6.0.0 requiere runtime mas nuevo que 5.0.0
Traceback (most recent call last):
  File "F:\repos\hitech-os\apps\code-atlas\capatch_system\capatch_legacy.py", line 664, in load_and_activate_plugin
    raise RuntimeError(
        f"PLUGIN_MIN_RUNTIME={min_runtime} requiere runtime mas nuevo que {CAPATCH_PLUGIN_RUNTIME_VERSION}"
    )
RuntimeError: PLUGIN_MIN_RUNTIME=6.0.0 requiere runtime mas nuevo que 5.0.0


[2026-04-10T01:22:00] [load] Plugin rechazado: F:\repos\hitech-os\apps\code-atlas\capatch_system\capatch_plugins\active\fixer_safe_runtime_actions.py
RuntimeError: PLUGIN_MIN_RUNTIME=6.0.0 requiere runtime mas nuevo que 5.0.0
Traceback (most recent call last):
  File "F:\repos\hitech-os\apps\code-atlas\capatch_system\capatch_legacy.py", line 664, in load_and_activate_plugin
    raise RuntimeError(
        f"PLUGIN_MIN_RUNTIME={min_runtime} requiere runtime mas nuevo que {CAPATCH_PLUGIN_RUNTIME_VERSION}"
    )
RuntimeError: PLUGIN_MIN_RUNTIME=6.0.0 requiere runtime mas nuevo que 5.0.0


[2026-04-10T01:22:01] [load] Plugin rechazado: F:\repos\hitech-os\apps\code-atlas\capatch_system\capatch_plugins\active\fixer_safe_runtime_actions.py
RuntimeError: PLUGIN_MIN_RUNTIME=6.0.0 requiere runtime mas nuevo que 5.0.0
Traceback (most recent call last):
  File "F:\repos\hitech-os\apps\code-atlas\capatch_system\capatch_legacy.py", line 664, in load_and_activate_plugin
    raise RuntimeError(
        f"PLUGIN_MIN_RUNTIME={min_runtime} requiere runtime mas nuevo que {CAPATCH_PLUGIN_RUNTIME_VERSION}"
    )
RuntimeError: PLUGIN_MIN_RUNTIME=6.0.0 requiere runtime mas nuevo que 5.0.0


[2026-04-10T01:22:01] [load] Plugin rechazado: F:\repos\hitech-os\apps\code-atlas\capatch_system\capatch_plugins\active\fixer_safe_runtime_actions.py
RuntimeError: PLUGIN_MIN_RUNTIME=6.0.0 requiere runtime mas nuevo que 5.0.0
Traceback (most recent call last):
  File "F:\repos\hitech-os\apps\code-atlas\capatch_system\capatch_legacy.py", line 664, in load_and_activate_plugin
    raise RuntimeError(
        f"PLUGIN_MIN_RUNTIME={min_runtime} requiere runtime mas nuevo que {CAPATCH_PLUGIN_RUNTIME_VERSION}"
    )
RuntimeError: PLUGIN_MIN_RUNTIME=6.0.0 requiere runtime mas nuevo que 5.0.0


[2026-04-10T01:22:01] [load] Plugin rechazado: F:\repos\hitech-os\apps\code-atlas\capatch_system\capatch_plugins\active\fixer_safe_runtime_actions.py
RuntimeError: PLUGIN_MIN_RUNTIME=6.0.0 requiere runtime mas nuevo que 5.0.0
Traceback (most recent call last):
  File "F:\repos\hitech-os\apps\code-atlas\capatch_system\capatch_legacy.py", line 664, in load_and_activate_plugin
    raise RuntimeError(
        f"PLUGIN_MIN_RUNTIME={min_runtime} requiere runtime mas nuevo que {CAPATCH_PLUGIN_RUNTIME_VERSION}"
    )
RuntimeError: PLUGIN_MIN_RUNTIME=6.0.0 requiere runtime mas nuevo que 5.0.0


[2026-04-10T01:22:01] [load] Plugin rechazado: F:\repos\hitech-os\apps\code-atlas\capatch_system\capatch_plugins\active\fixer_safe_runtime_actions.py
RuntimeError: PLUGIN_MIN_RUNTIME=6.0.0 requiere runtime mas nuevo que 5.0.0
Traceback (most recent call last):
  File "F:\repos\hitech-os\apps\code-atlas\capatch_system\capatch_legacy.py", line 664, in load_and_activate_plugin
    raise RuntimeError(
        f"PLUGIN_MIN_RUNTIME={min_runtime} requiere runtime mas nuevo que {CAPATCH_PLUGIN_RUNTIME_VERSION}"
    )
RuntimeError: PLUGIN_MIN_RUNTIME=6.0.0 requiere runtime mas nuevo que 5.0.0


[2026-04-10T01:22:02] [load] Plugin rechazado: F:\repos\hitech-os\apps\code-atlas\capatch_system\capatch_plugins\active\fixer_safe_runtime_actions.py
RuntimeError: PLUGIN_MIN_RUNTIME=6.0.0 requiere runtime mas nuevo que 5.0.0
Traceback (most recent call last):
  File "F:\repos\hitech-os\apps\code-atlas\capatch_system\capatch_legacy.py", line 664, in load_and_activate_plugin
    raise RuntimeError(
        f"PLUGIN_MIN_RUNTIME={min_runtime} requiere runtime mas nuevo que {CAPATCH_PLUGIN_RUNTIME_VERSION}"
    )
RuntimeError: PLUGIN_MIN_RUNTIME=6.0.0 requiere runtime mas nuevo que 5.0.0


[2026-04-10T01:22:03] [load] Plugin rechazado: F:\repos\hitech-os\apps\code-atlas\capatch_system\capatch_plugins\active\fixer_safe_runtime_actions.py
RuntimeError: PLUGIN_MIN_RUNTIME=6.0.0 requiere runtime mas nuevo que 5.0.0
Traceback (most recent call last):
  File "F:\repos\hitech-os\apps\code-atlas\capatch_system\capatch_legacy.py", line 664, in load_and_activate_plugin
    raise RuntimeError(
        f"PLUGIN_MIN_RUNTIME={min_runtime} requiere runtime mas nuevo que {CAPATCH_PLUGIN_RUNTIME_VERSION}"
    )
RuntimeError: PLUGIN_MIN_RUNTIME=6.0.0 requiere runtime mas nuevo que 5.0.0


[2026-04-10T01:22:03] [load] Plugin rechazado: F:\repos\hitech-os\apps\code-atlas\capatch_system\capatch_plugins\active\fixer_safe_runtime_actions.py
RuntimeError: PLUGIN_MIN_RUNTIME=6.0.0 requiere runtime mas nuevo que 5.0.0
Traceback (most recent call last):
  File "F:\repos\hitech-os\apps\code-atlas\capatch_system\capatch_legacy.py", line 664, in load_and_activate_plugin
    raise RuntimeError(
        f"PLUGIN_MIN_RUNTIME={min_runtime} requiere runtime mas nuevo que {CAPATCH_PLUGIN_RUNTIME_VERSION}"
    )
RuntimeError: PLUGIN_MIN_RUNTIME=6.0.0 requiere runtime mas nuevo que 5.0.0


[2026-04-10T01:22:03] [load] Plugin rechazado: F:\repos\hitech-os\apps\code-atlas\capatch_system\capatch_plugins\active\fixer_safe_runtime_actions.py
RuntimeError: PLUGIN_MIN_RUNTIME=6.0.0 requiere runtime mas nuevo que 5.0.0
Traceback (most recent call last):
  File "F:\repos\hitech-os\apps\code-atlas\capatch_system\capatch_legacy.py", line 664, in load_and_activate_plugin
    raise RuntimeError(
        f"PLUGIN_MIN_RUNTIME={min_runtime} requiere runtime mas nuevo que {CAPATCH_PLUGIN_RUNTIME_VERSION}"
    )
RuntimeError: PLUGIN_MIN_RUNTIME=6.0.0 requiere runtime mas nuevo que 5.0.0


[2026-04-10T01:22:04] [load] Plugin rechazado: F:\repos\hitech-os\apps\code-atlas\capatch_system\capatch_plugins\active\fixer_safe_runtime_actions.py
RuntimeError: PLUGIN_MIN_RUNTIME=6.0.0 requiere runtime mas nuevo que 5.0.0
Traceback (most recent call last):
  File "F:\repos\hitech-os\apps\code-atlas\capatch_system\capatch_legacy.py", line 664, in load_and_activate_plugin
    raise RuntimeError(
        f"PLUGIN_MIN_RUNTIME={min_runtime} requiere runtime mas nuevo que {CAPATCH_PLUGIN_RUNTIME_VERSION}"
    )
RuntimeError: PLUGIN_MIN_RUNTIME=6.0.0 requiere runtime mas nuevo que 5.0.0


[2026-04-10T01:22:04] [load] Plugin rechazado: F:\repos\hitech-os\apps\code-atlas\capatch_system\capatch_plugins\active\fixer_safe_runtime_actions.py
RuntimeError: PLUGIN_MIN_RUNTIME=6.0.0 requiere runtime mas nuevo que 5.0.0
Traceback (most recent call last):
  File "F:\repos\hitech-os\apps\code-atlas\capatch_system\capatch_legacy.py", line 664, in load_and_activate_plugin
    raise RuntimeError(
        f"PLUGIN_MIN_RUNTIME={min_runtime} requiere runtime mas nuevo que {CAPATCH_PLUGIN_RUNTIME_VERSION}"
    )
RuntimeError: PLUGIN_MIN_RUNTIME=6.0.0 requiere runtime mas nuevo que 5.0.0


[2026-04-10T01:22:05] [load] Plugin rechazado: F:\repos\hitech-os\apps\code-atlas\capatch_system\capatch_plugins\active\fixer_safe_runtime_actions.py
RuntimeError: PLUGIN_MIN_RUNTIME=6.0.0 requiere runtime mas nuevo que 5.0.0
Traceback (most recent call last):
  File "F:\repos\hitech-os\apps\code-atlas\capatch_system\capatch_legacy.py", line 664, in load_and_activate_plugin
    raise RuntimeError(
        f"PLUGIN_MIN_RUNTIME={min_runtime} requiere runtime mas nuevo que {CAPATCH_PLUGIN_RUNTIME_VERSION}"
    )
RuntimeError: PLUGIN_MIN_RUNTIME=6.0.0 requiere runtime mas nuevo que 5.0.0


[2026-04-10T01:22:08] [load] Plugin rechazado: F:\repos\hitech-os\apps\code-atlas\capatch_system\capatch_plugins\active\fixer_safe_runtime_actions.py
RuntimeError: PLUGIN_MIN_RUNTIME=6.0.0 requiere runtime mas nuevo que 5.0.0
Traceback (most recent call last):
  File "F:\repos\hitech-os\apps\code-atlas\capatch_system\capatch_legacy.py", line 664, in load_and_activate_plugin
    raise RuntimeError(
        f"PLUGIN_MIN_RUNTIME={min_runtime} requiere runtime mas nuevo que {CAPATCH_PLUGIN_RUNTIME_VERSION}"
    )
RuntimeError: PLUGIN_MIN_RUNTIME=6.0.0 requiere runtime mas nuevo que 5.0.0


[2026-04-10T01:22:09] [load] Plugin rechazado: F:\repos\hitech-os\apps\code-atlas\capatch_system\capatch_plugins\active\fixer_safe_runtime_actions.py
RuntimeError: PLUGIN_MIN_RUNTIME=6.0.0 requiere runtime mas nuevo que 5.0.0
Traceback (most recent call last):
  File "F:\repos\hitech-os\apps\code-atlas\capatch_system\capatch_legacy.py", line 664, in load_and_activate_plugin
    raise RuntimeError(
        f"PLUGIN_MIN_RUNTIME={min_runtime} requiere runtime mas nuevo que {CAPATCH_PLUGIN_RUNTIME_VERSION}"
    )
RuntimeError: PLUGIN_MIN_RUNTIME=6.0.0 requiere runtime mas nuevo que 5.0.0


[2026-04-10T01:22:10] [load] Plugin rechazado: F:\repos\hitech-os\apps\code-atlas\capatch_system\capatch_plugins\active\fixer_safe_runtime_actions.py
RuntimeError: PLUGIN_MIN_RUNTIME=6.0.0 requiere runtime mas nuevo que 5.0.0
Traceback (most recent call last):
  File "F:\repos\hitech-os\apps\code-atlas\capatch_system\capatch_legacy.py", line 664, in load_and_activate_plugin
    raise RuntimeError(
        f"PLUGIN_MIN_RUNTIME={min_runtime} requiere runtime mas nuevo que {CAPATCH_PLUGIN_RUNTIME_VERSION}"
    )
RuntimeError: PLUGIN_MIN_RUNTIME=6.0.0 requiere runtime mas nuevo que 5.0.0


[2026-04-10T01:22:10] [load] Plugin rechazado: F:\repos\hitech-os\apps\code-atlas\capatch_system\capatch_plugins\active\fixer_safe_runtime_actions.py
RuntimeError: PLUGIN_MIN_RUNTIME=6.0.0 requiere runtime mas nuevo que 5.0.0
Traceback (most recent call last):
  File "F:\repos\hitech-os\apps\code-atlas\capatch_system\capatch_legacy.py", line 664, in load_and_activate_plugin
    raise RuntimeError(
        f"PLUGIN_MIN_RUNTIME={min_runtime} requiere runtime mas nuevo que {CAPATCH_PLUGIN_RUNTIME_VERSION}"
    )
RuntimeError: PLUGIN_MIN_RUNTIME=6.0.0 requiere runtime mas nuevo que 5.0.0


[2026-04-10T01:22:10] [load] Plugin rechazado: F:\repos\hitech-os\apps\code-atlas\capatch_system\capatch_plugins\active\fixer_safe_runtime_actions.py
RuntimeError: PLUGIN_MIN_RUNTIME=6.0.0 requiere runtime mas nuevo que 5.0.0
Traceback (most recent call last):
  File "F:\repos\hitech-os\apps\code-atlas\capatch_system\capatch_legacy.py", line 664, in load_and_activate_plugin
    raise RuntimeError(
        f"PLUGIN_MIN_RUNTIME={min_runtime} requiere runtime mas nuevo que {CAPATCH_PLUGIN_RUNTIME_VERSION}"
    )
RuntimeError: PLUGIN_MIN_RUNTIME=6.0.0 requiere runtime mas nuevo que 5.0.0


[2026-04-10T01:22:11] [load] Plugin rechazado: F:\repos\hitech-os\apps\code-atlas\capatch_system\capatch_plugins\active\fixer_safe_runtime_actions.py
RuntimeError: PLUGIN_MIN_RUNTIME=6.0.0 requiere runtime mas nuevo que 5.0.0
Traceback (most recent call last):
  File "F:\repos\hitech-os\apps\code-atlas\capatch_system\capatch_legacy.py", line 664, in load_and_activate_plugin
    raise RuntimeError(
        f"PLUGIN_MIN_RUNTIME={min_runtime} requiere runtime mas nuevo que {CAPATCH_PLUGIN_RUNTIME_VERSION}"
    )
RuntimeError: PLUGIN_MIN_RUNTIME=6.0.0 requiere runtime mas nuevo que 5.0.0


[2026-04-10T01:22:12] [load] Plugin rechazado: F:\repos\hitech-os\apps\code-atlas\capatch_system\capatch_plugins\active\fixer_safe_runtime_actions.py
RuntimeError: PLUGIN_MIN_RUNTIME=6.0.0 requiere runtime mas nuevo que 5.0.0
Traceback (most recent call last):
  File "F:\repos\hitech-os\apps\code-atlas\capatch_system\capatch_legacy.py", line 664, in load_and_activate_plugin
    raise RuntimeError(
        f"PLUGIN_MIN_RUNTIME={min_runtime} requiere runtime mas nuevo que {CAPATCH_PLUGIN_RUNTIME_VERSION}"
    )
RuntimeError: PLUGIN_MIN_RUNTIME=6.0.0 requiere runtime mas nuevo que 5.0.0


[2026-04-10T01:22:12] [load] Plugin rechazado: F:\repos\hitech-os\apps\code-atlas\capatch_system\capatch_plugins\active\fixer_safe_runtime_actions.py
RuntimeError: PLUGIN_MIN_RUNTIME=6.0.0 requiere runtime mas nuevo que 5.0.0
Traceback (most recent call last):
  File "F:\repos\hitech-os\apps\code-atlas\capatch_system\capatch_legacy.py", line 664, in load_and_activate_plugin
    raise RuntimeError(
        f"PLUGIN_MIN_RUNTIME={min_runtime} requiere runtime mas nuevo que {CAPATCH_PLUGIN_RUNTIME_VERSION}"
    )
RuntimeError: PLUGIN_MIN_RUNTIME=6.0.0 requiere runtime mas nuevo que 5.0.0


[2026-04-10T01:22:12] [load] Plugin rechazado: F:\repos\hitech-os\apps\code-atlas\capatch_system\capatch_plugins\active\fixer_safe_runtime_actions.py
RuntimeError: PLUGIN_MIN_RUNTIME=6.0.0 requiere runtime mas nuevo que 5.0.0
Traceback (most recent call last):
  File "F:\repos\hitech-os\apps\code-atlas\capatch_system\capatch_legacy.py", line 664, in load_and_activate_plugin
    raise RuntimeError(
        f"PLUGIN_MIN_RUNTIME={min_runtime} requiere runtime mas nuevo que {CAPATCH_PLUGIN_RUNTIME_VERSION}"
    )
RuntimeError: PLUGIN_MIN_RUNTIME=6.0.0 requiere runtime mas nuevo que 5.0.0


[2026-04-10T01:22:12] [load] Plugin rechazado: F:\repos\hitech-os\apps\code-atlas\capatch_system\capatch_plugins\active\fixer_safe_runtime_actions.py
RuntimeError: PLUGIN_MIN_RUNTIME=6.0.0 requiere runtime mas nuevo que 5.0.0
Traceback (most recent call last):
  File "F:\repos\hitech-os\apps\code-atlas\capatch_system\capatch_legacy.py", line 664, in load_and_activate_plugin
    raise RuntimeError(
        f"PLUGIN_MIN_RUNTIME={min_runtime} requiere runtime mas nuevo que {CAPATCH_PLUGIN_RUNTIME_VERSION}"
    )
RuntimeError: PLUGIN_MIN_RUNTIME=6.0.0 requiere runtime mas nuevo que 5.0.0


[2026-04-10T01:23:34] [load] Plugin rechazado: F:\repos\hitech-os\apps\code-atlas\capatch_system\capatch_plugins\active\fixer_safe_runtime_actions.py
RuntimeError: PLUGIN_MIN_RUNTIME=6.0.0 requiere runtime mas nuevo que 5.0.0
Traceback (most recent call last):
  File "F:\repos\hitech-os\apps\code-atlas\capatch_system\capatch_legacy.py", line 664, in load_and_activate_plugin
    raise RuntimeError(
        f"PLUGIN_MIN_RUNTIME={min_runtime} requiere runtime mas nuevo que {CAPATCH_PLUGIN_RUNTIME_VERSION}"
    )
RuntimeError: PLUGIN_MIN_RUNTIME=6.0.0 requiere runtime mas nuevo que 5.0.0


[2026-04-10T01:23:38] [load] Plugin rechazado: F:\repos\hitech-os\apps\code-atlas\capatch_system\capatch_plugins\active\fixer_safe_runtime_actions.py
RuntimeError: PLUGIN_MIN_RUNTIME=6.0.0 requiere runtime mas nuevo que 5.0.0
Traceback (most recent call last):
  File "F:\repos\hitech-os\apps\code-atlas\capatch_system\capatch_legacy.py", line 664, in load_and_activate_plugin
    raise RuntimeError(
        f"PLUGIN_MIN_RUNTIME={min_runtime} requiere runtime mas nuevo que {CAPATCH_PLUGIN_RUNTIME_VERSION}"
    )
RuntimeError: PLUGIN_MIN_RUNTIME=6.0.0 requiere runtime mas nuevo que 5.0.0


[2026-04-10T01:23:49] [load] Plugin rechazado: F:\repos\hitech-os\apps\code-atlas\capatch_system\capatch_plugins\active\fixer_safe_runtime_actions.py
RuntimeError: PLUGIN_MIN_RUNTIME=6.0.0 requiere runtime mas nuevo que 5.0.0
Traceback (most recent call last):
  File "F:\repos\hitech-os\apps\code-atlas\capatch_system\capatch_legacy.py", line 664, in load_and_activate_plugin
    raise RuntimeError(
        f"PLUGIN_MIN_RUNTIME={min_runtime} requiere runtime mas nuevo que {CAPATCH_PLUGIN_RUNTIME_VERSION}"
    )
RuntimeError: PLUGIN_MIN_RUNTIME=6.0.0 requiere runtime mas nuevo que 5.0.0


[2026-04-10T01:23:50] [load] Plugin rechazado: F:\repos\hitech-os\apps\code-atlas\capatch_system\capatch_plugins\active\fixer_safe_runtime_actions.py
RuntimeError: PLUGIN_MIN_RUNTIME=6.0.0 requiere runtime mas nuevo que 5.0.0
Traceback (most recent call last):
  File "F:\repos\hitech-os\apps\code-atlas\capatch_system\capatch_legacy.py", line 664, in load_and_activate_plugin
    raise RuntimeError(
        f"PLUGIN_MIN_RUNTIME={min_runtime} requiere runtime mas nuevo que {CAPATCH_PLUGIN_RUNTIME_VERSION}"
    )
RuntimeError: PLUGIN_MIN_RUNTIME=6.0.0 requiere runtime mas nuevo que 5.0.0


[2026-04-10T01:23:50] [load] Plugin rechazado: F:\repos\hitech-os\apps\code-atlas\capatch_system\capatch_plugins\active\fixer_safe_runtime_actions.py
RuntimeError: PLUGIN_MIN_RUNTIME=6.0.0 requiere runtime mas nuevo que 5.0.0
Traceback (most recent call last):
  File "F:\repos\hitech-os\apps\code-atlas\capatch_system\capatch_legacy.py", line 664, in load_and_activate_plugin
    raise RuntimeError(
        f"PLUGIN_MIN_RUNTIME={min_runtime} requiere runtime mas nuevo que {CAPATCH_PLUGIN_RUNTIME_VERSION}"
    )
RuntimeError: PLUGIN_MIN_RUNTIME=6.0.0 requiere runtime mas nuevo que 5.0.0


[2026-04-10T01:23:50] [load] Plugin rechazado: F:\repos\hitech-os\apps\code-atlas\capatch_system\capatch_plugins\active\fixer_safe_runtime_actions.py
RuntimeError: PLUGIN_MIN_RUNTIME=6.0.0 requiere runtime mas nuevo que 5.0.0
Traceback (most recent call last):
  File "F:\repos\hitech-os\apps\code-atlas\capatch_system\capatch_legacy.py", line 664, in load_and_activate_plugin
    raise RuntimeError(
        f"PLUGIN_MIN_RUNTIME={min_runtime} requiere runtime mas nuevo que {CAPATCH_PLUGIN_RUNTIME_VERSION}"
    )
RuntimeError: PLUGIN_MIN_RUNTIME=6.0.0 requiere runtime mas nuevo que 5.0.0


[2026-04-10T01:23:50] [load] Plugin rechazado: F:\repos\hitech-os\apps\code-atlas\capatch_system\capatch_plugins\active\fixer_safe_runtime_actions.py
RuntimeError: PLUGIN_MIN_RUNTIME=6.0.0 requiere runtime mas nuevo que 5.0.0
Traceback (most recent call last):
  File "F:\repos\hitech-os\apps\code-atlas\capatch_system\capatch_legacy.py", line 664, in load_and_activate_plugin
    raise RuntimeError(
        f"PLUGIN_MIN_RUNTIME={min_runtime} requiere runtime mas nuevo que {CAPATCH_PLUGIN_RUNTIME_VERSION}"
    )
RuntimeError: PLUGIN_MIN_RUNTIME=6.0.0 requiere runtime mas nuevo que 5.0.0


