Traceback (most recent call last):
  File "F:\repos\hitech-os\apps\code-atlas\capatch_system\capatch_diagnostics\loader.py", line 357, in load_and_activate_plugin
    state["manifests"][manifest.plugin_id] = manifest.__dict__
                                             ^^^^^^^^^^^^^^^^^
AttributeError: 'PluginManifest' object has no attribute '__dict__'. Did you mean: '__dir__'?
[2026-04-10T00:52:03] [load] Plugin rechazado: F:\repos\hitech-os\apps\code-atlas\capatch_system\capatch_plugins\active\recommender_safe_fix_plan.py
RuntimeError: PLUGIN_MIN_RUNTIME=6.0.0 requiere runtime mas nuevo que 5.0.0
Traceback (most recent call last):
  File "F:\repos\hitech-os\apps\code-atlas\capatch_system\capatch_legacy.py", line 664, in load_and_activate_plugin
    raise RuntimeError(
        f"PLUGIN_MIN_RUNTIME={min_runtime} requiere runtime mas nuevo que {CAPATCH_PLUGIN_RUNTIME_VERSION}"
    )
RuntimeError: PLUGIN_MIN_RUNTIME=6.0.0 requiere runtime mas nuevo que 5.0.0


[2026-04-10T00:52:04] [load] Plugin rechazado: F:\repos\hitech-os\apps\code-atlas\capatch_system\capatch_plugins\active\recommender_safe_fix_plan.py
RuntimeError: PLUGIN_MIN_RUNTIME=6.0.0 requiere runtime mas nuevo que 5.0.0
Traceback (most recent call last):
  File "F:\repos\hitech-os\apps\code-atlas\capatch_system\capatch_legacy.py", line 664, in load_and_activate_plugin
    raise RuntimeError(
        f"PLUGIN_MIN_RUNTIME={min_runtime} requiere runtime mas nuevo que {CAPATCH_PLUGIN_RUNTIME_VERSION}"
    )
RuntimeError: PLUGIN_MIN_RUNTIME=6.0.0 requiere runtime mas nuevo que 5.0.0


[2026-04-10T00:52:07] [load] Plugin rechazado: F:\repos\hitech-os\apps\code-atlas\capatch_system\capatch_plugins\active\recommender_safe_fix_plan.py
RuntimeError: PLUGIN_MIN_RUNTIME=6.0.0 requiere runtime mas nuevo que 5.0.0
Traceback (most recent call last):
  File "F:\repos\hitech-os\apps\code-atlas\capatch_system\capatch_legacy.py", line 664, in load_and_activate_plugin
    raise RuntimeError(
        f"PLUGIN_MIN_RUNTIME={min_runtime} requiere runtime mas nuevo que {CAPATCH_PLUGIN_RUNTIME_VERSION}"
    )
RuntimeError: PLUGIN_MIN_RUNTIME=6.0.0 requiere runtime mas nuevo que 5.0.0


[2026-04-10T00:52:08] [load] Plugin rechazado: F:\repos\hitech-os\apps\code-atlas\capatch_system\capatch_plugins\active\recommender_safe_fix_plan.py
RuntimeError: PLUGIN_MIN_RUNTIME=6.0.0 requiere runtime mas nuevo que 5.0.0
Traceback (most recent call last):
  File "F:\repos\hitech-os\apps\code-atlas\capatch_system\capatch_legacy.py", line 664, in load_and_activate_plugin
    raise RuntimeError(
        f"PLUGIN_MIN_RUNTIME={min_runtime} requiere runtime mas nuevo que {CAPATCH_PLUGIN_RUNTIME_VERSION}"
    )
RuntimeError: PLUGIN_MIN_RUNTIME=6.0.0 requiere runtime mas nuevo que 5.0.0


[2026-04-10T00:52:13] [load] Plugin rechazado: F:\repos\hitech-os\apps\code-atlas\capatch_system\capatch_plugins\active\recommender_safe_fix_plan.py
RuntimeError: PLUGIN_MIN_RUNTIME=6.0.0 requiere runtime mas nuevo que 5.0.0
Traceback (most recent call last):
  File "F:\repos\hitech-os\apps\code-atlas\capatch_system\capatch_legacy.py", line 664, in load_and_activate_plugin
    raise RuntimeError(
        f"PLUGIN_MIN_RUNTIME={min_runtime} requiere runtime mas nuevo que {CAPATCH_PLUGIN_RUNTIME_VERSION}"
    )
RuntimeError: PLUGIN_MIN_RUNTIME=6.0.0 requiere runtime mas nuevo que 5.0.0


[2026-04-10T00:52:14] [load] Plugin rechazado: F:\repos\hitech-os\apps\code-atlas\capatch_system\capatch_plugins\active\recommender_safe_fix_plan.py
RuntimeError: PLUGIN_MIN_RUNTIME=6.0.0 requiere runtime mas nuevo que 5.0.0
Traceback (most recent call last):
  File "F:\repos\hitech-os\apps\code-atlas\capatch_system\capatch_legacy.py", line 664, in load_and_activate_plugin
    raise RuntimeError(
        f"PLUGIN_MIN_RUNTIME={min_runtime} requiere runtime mas nuevo que {CAPATCH_PLUGIN_RUNTIME_VERSION}"
    )
RuntimeError: PLUGIN_MIN_RUNTIME=6.0.0 requiere runtime mas nuevo que 5.0.0


[2026-04-10T00:52:14] [load] Plugin rechazado: F:\repos\hitech-os\apps\code-atlas\capatch_system\capatch_plugins\active\recommender_safe_fix_plan.py
RuntimeError: PLUGIN_MIN_RUNTIME=6.0.0 requiere runtime mas nuevo que 5.0.0
Traceback (most recent call last):
  File "F:\repos\hitech-os\apps\code-atlas\capatch_system\capatch_legacy.py", line 664, in load_and_activate_plugin
    raise RuntimeError(
        f"PLUGIN_MIN_RUNTIME={min_runtime} requiere runtime mas nuevo que {CAPATCH_PLUGIN_RUNTIME_VERSION}"
    )
RuntimeError: PLUGIN_MIN_RUNTIME=6.0.0 requiere runtime mas nuevo que 5.0.0


[2026-04-10T00:52:14] [load] Plugin rechazado: F:\repos\hitech-os\apps\code-atlas\capatch_system\capatch_plugins\active\recommender_safe_fix_plan.py
RuntimeError: PLUGIN_MIN_RUNTIME=6.0.0 requiere runtime mas nuevo que 5.0.0
Traceback (most recent call last):
  File "F:\repos\hitech-os\apps\code-atlas\capatch_system\capatch_legacy.py", line 664, in load_and_activate_plugin
    raise RuntimeError(
        f"PLUGIN_MIN_RUNTIME={min_runtime} requiere runtime mas nuevo que {CAPATCH_PLUGIN_RUNTIME_VERSION}"
    )
RuntimeError: PLUGIN_MIN_RUNTIME=6.0.0 requiere runtime mas nuevo que 5.0.0


[2026-04-10T00:52:15] [load] Plugin rechazado: F:\repos\hitech-os\apps\code-atlas\capatch_system\capatch_plugins\active\recommender_safe_fix_plan.py
RuntimeError: PLUGIN_MIN_RUNTIME=6.0.0 requiere runtime mas nuevo que 5.0.0
Traceback (most recent call last):
  File "F:\repos\hitech-os\apps\code-atlas\capatch_system\capatch_legacy.py", line 664, in load_and_activate_plugin
    raise RuntimeError(
        f"PLUGIN_MIN_RUNTIME={min_runtime} requiere runtime mas nuevo que {CAPATCH_PLUGIN_RUNTIME_VERSION}"
    )
RuntimeError: PLUGIN_MIN_RUNTIME=6.0.0 requiere runtime mas nuevo que 5.0.0


[2026-04-10T00:52:16] [load] Plugin rechazado: F:\repos\hitech-os\apps\code-atlas\capatch_system\capatch_plugins\active\recommender_safe_fix_plan.py
RuntimeError: PLUGIN_MIN_RUNTIME=6.0.0 requiere runtime mas nuevo que 5.0.0
Traceback (most recent call last):
  File "F:\repos\hitech-os\apps\code-atlas\capatch_system\capatch_legacy.py", line 664, in load_and_activate_plugin
    raise RuntimeError(
        f"PLUGIN_MIN_RUNTIME={min_runtime} requiere runtime mas nuevo que {CAPATCH_PLUGIN_RUNTIME_VERSION}"
    )
RuntimeError: PLUGIN_MIN_RUNTIME=6.0.0 requiere runtime mas nuevo que 5.0.0


[2026-04-10T00:52:17] [load] Plugin rechazado: F:\repos\hitech-os\apps\code-atlas\capatch_system\capatch_plugins\active\recommender_safe_fix_plan.py
RuntimeError: PLUGIN_MIN_RUNTIME=6.0.0 requiere runtime mas nuevo que 5.0.0
Traceback (most recent call last):
  File "F:\repos\hitech-os\apps\code-atlas\capatch_system\capatch_legacy.py", line 664, in load_and_activate_plugin
    raise RuntimeError(
        f"PLUGIN_MIN_RUNTIME={min_runtime} requiere runtime mas nuevo que {CAPATCH_PLUGIN_RUNTIME_VERSION}"
    )
RuntimeError: PLUGIN_MIN_RUNTIME=6.0.0 requiere runtime mas nuevo que 5.0.0


[2026-04-10T00:52:17] [load] Plugin rechazado: F:\repos\hitech-os\apps\code-atlas\capatch_system\capatch_plugins\active\recommender_safe_fix_plan.py
RuntimeError: PLUGIN_MIN_RUNTIME=6.0.0 requiere runtime mas nuevo que 5.0.0
Traceback (most recent call last):
  File "F:\repos\hitech-os\apps\code-atlas\capatch_system\capatch_legacy.py", line 664, in load_and_activate_plugin
    raise RuntimeError(
        f"PLUGIN_MIN_RUNTIME={min_runtime} requiere runtime mas nuevo que {CAPATCH_PLUGIN_RUNTIME_VERSION}"
    )
RuntimeError: PLUGIN_MIN_RUNTIME=6.0.0 requiere runtime mas nuevo que 5.0.0


[2026-04-10T00:52:17] [load] Plugin rechazado: F:\repos\hitech-os\apps\code-atlas\capatch_system\capatch_plugins\active\recommender_safe_fix_plan.py
RuntimeError: PLUGIN_MIN_RUNTIME=6.0.0 requiere runtime mas nuevo que 5.0.0
Traceback (most recent call last):
  File "F:\repos\hitech-os\apps\code-atlas\capatch_system\capatch_legacy.py", line 664, in load_and_activate_plugin
    raise RuntimeError(
        f"PLUGIN_MIN_RUNTIME={min_runtime} requiere runtime mas nuevo que {CAPATCH_PLUGIN_RUNTIME_VERSION}"
    )
RuntimeError: PLUGIN_MIN_RUNTIME=6.0.0 requiere runtime mas nuevo que 5.0.0


[2026-04-10T00:52:18] [load] Plugin rechazado: F:\repos\hitech-os\apps\code-atlas\capatch_system\capatch_plugins\active\recommender_safe_fix_plan.py
RuntimeError: PLUGIN_MIN_RUNTIME=6.0.0 requiere runtime mas nuevo que 5.0.0
Traceback (most recent call last):
  File "F:\repos\hitech-os\apps\code-atlas\capatch_system\capatch_legacy.py", line 664, in load_and_activate_plugin
    raise RuntimeError(
        f"PLUGIN_MIN_RUNTIME={min_runtime} requiere runtime mas nuevo que {CAPATCH_PLUGIN_RUNTIME_VERSION}"
    )
RuntimeError: PLUGIN_MIN_RUNTIME=6.0.0 requiere runtime mas nuevo que 5.0.0


[2026-04-10T00:57:16] [load] Plugin rechazado: F:\repos\hitech-os\apps\code-atlas\capatch_system\capatch_plugins\active\recommender_safe_fix_plan.py
RuntimeError: PLUGIN_MIN_RUNTIME=6.0.0 requiere runtime mas nuevo que 5.0.0
Traceback (most recent call last):
  File "F:\repos\hitech-os\apps\code-atlas\capatch_system\capatch_legacy.py", line 664, in load_and_activate_plugin
    raise RuntimeError(
        f"PLUGIN_MIN_RUNTIME={min_runtime} requiere runtime mas nuevo que {CAPATCH_PLUGIN_RUNTIME_VERSION}"
    )
RuntimeError: PLUGIN_MIN_RUNTIME=6.0.0 requiere runtime mas nuevo que 5.0.0


[2026-04-10T00:57:18] [load] Plugin rechazado: F:\repos\hitech-os\apps\code-atlas\capatch_system\capatch_plugins\active\recommender_safe_fix_plan.py
RuntimeError: PLUGIN_MIN_RUNTIME=6.0.0 requiere runtime mas nuevo que 5.0.0
Traceback (most recent call last):
  File "F:\repos\hitech-os\apps\code-atlas\capatch_system\capatch_legacy.py", line 664, in load_and_activate_plugin
    raise RuntimeError(
        f"PLUGIN_MIN_RUNTIME={min_runtime} requiere runtime mas nuevo que {CAPATCH_PLUGIN_RUNTIME_VERSION}"
    )
RuntimeError: PLUGIN_MIN_RUNTIME=6.0.0 requiere runtime mas nuevo que 5.0.0


[2026-04-10T00:57:47] [load] Plugin rechazado: F:\repos\hitech-os\apps\code-atlas\capatch_system\capatch_plugins\active\recommender_safe_fix_plan.py
RuntimeError: PLUGIN_MIN_RUNTIME=6.0.0 requiere runtime mas nuevo que 5.0.0
Traceback (most recent call last):
  File "F:\repos\hitech-os\apps\code-atlas\capatch_system\capatch_legacy.py", line 664, in load_and_activate_plugin
    raise RuntimeError(
        f"PLUGIN_MIN_RUNTIME={min_runtime} requiere runtime mas nuevo que {CAPATCH_PLUGIN_RUNTIME_VERSION}"
    )
RuntimeError: PLUGIN_MIN_RUNTIME=6.0.0 requiere runtime mas nuevo que 5.0.0


[2026-04-10T00:57:47] [load] Plugin rechazado: F:\repos\hitech-os\apps\code-atlas\capatch_system\capatch_plugins\active\recommender_safe_fix_plan.py
RuntimeError: PLUGIN_MIN_RUNTIME=6.0.0 requiere runtime mas nuevo que 5.0.0
Traceback (most recent call last):
  File "F:\repos\hitech-os\apps\code-atlas\capatch_system\capatch_legacy.py", line 664, in load_and_activate_plugin
    raise RuntimeError(
        f"PLUGIN_MIN_RUNTIME={min_runtime} requiere runtime mas nuevo que {CAPATCH_PLUGIN_RUNTIME_VERSION}"
    )
RuntimeError: PLUGIN_MIN_RUNTIME=6.0.0 requiere runtime mas nuevo que 5.0.0


[2026-04-10T00:57:47] [load] Plugin rechazado: F:\repos\hitech-os\apps\code-atlas\capatch_system\capatch_plugins\active\recommender_safe_fix_plan.py
RuntimeError: PLUGIN_MIN_RUNTIME=6.0.0 requiere runtime mas nuevo que 5.0.0
Traceback (most recent call last):
  File "F:\repos\hitech-os\apps\code-atlas\capatch_system\capatch_legacy.py", line 664, in load_and_activate_plugin
    raise RuntimeError(
        f"PLUGIN_MIN_RUNTIME={min_runtime} requiere runtime mas nuevo que {CAPATCH_PLUGIN_RUNTIME_VERSION}"
    )
RuntimeError: PLUGIN_MIN_RUNTIME=6.0.0 requiere runtime mas nuevo que 5.0.0


[2026-04-10T00:57:49] [load] Plugin rechazado: F:\repos\hitech-os\apps\code-atlas\capatch_system\capatch_plugins\active\recommender_safe_fix_plan.py
RuntimeError: PLUGIN_MIN_RUNTIME=6.0.0 requiere runtime mas nuevo que 5.0.0
Traceback (most recent call last):
  File "F:\repos\hitech-os\apps\code-atlas\capatch_system\capatch_legacy.py", line 664, in load_and_activate_plugin
    raise RuntimeError(
        f"PLUGIN_MIN_RUNTIME={min_runtime} requiere runtime mas nuevo que {CAPATCH_PLUGIN_RUNTIME_VERSION}"
    )
RuntimeError: PLUGIN_MIN_RUNTIME=6.0.0 requiere runtime mas nuevo que 5.0.0


[2026-04-10T00:57:53] [load] Plugin rechazado: F:\repos\hitech-os\apps\code-atlas\capatch_system\capatch_plugins\active\recommender_safe_fix_plan.py
RuntimeError: PLUGIN_MIN_RUNTIME=6.0.0 requiere runtime mas nuevo que 5.0.0
Traceback (most recent call last):
  File "F:\repos\hitech-os\apps\code-atlas\capatch_system\capatch_legacy.py", line 664, in load_and_activate_plugin
    raise RuntimeError(
        f"PLUGIN_MIN_RUNTIME={min_runtime} requiere runtime mas nuevo que {CAPATCH_PLUGIN_RUNTIME_VERSION}"
    )
RuntimeError: PLUGIN_MIN_RUNTIME=6.0.0 requiere runtime mas nuevo que 5.0.0


[2026-04-10T00:57:54] [load] Plugin rechazado: F:\repos\hitech-os\apps\code-atlas\capatch_system\capatch_plugins\active\recommender_safe_fix_plan.py
RuntimeError: PLUGIN_MIN_RUNTIME=6.0.0 requiere runtime mas nuevo que 5.0.0
Traceback (most recent call last):
  File "F:\repos\hitech-os\apps\code-atlas\capatch_system\capatch_legacy.py", line 664, in load_and_activate_plugin
    raise RuntimeError(
        f"PLUGIN_MIN_RUNTIME={min_runtime} requiere runtime mas nuevo que {CAPATCH_PLUGIN_RUNTIME_VERSION}"
    )
RuntimeError: PLUGIN_MIN_RUNTIME=6.0.0 requiere runtime mas nuevo que 5.0.0


[2026-04-10T00:57:57] [load] Plugin rechazado: F:\repos\hitech-os\apps\code-atlas\capatch_system\capatch_plugins\active\recommender_safe_fix_plan.py
RuntimeError: PLUGIN_MIN_RUNTIME=6.0.0 requiere runtime mas nuevo que 5.0.0
Traceback (most recent call last):
  File "F:\repos\hitech-os\apps\code-atlas\capatch_system\capatch_legacy.py", line 664, in load_and_activate_plugin
    raise RuntimeError(
        f"PLUGIN_MIN_RUNTIME={min_runtime} requiere runtime mas nuevo que {CAPATCH_PLUGIN_RUNTIME_VERSION}"
    )
RuntimeError: PLUGIN_MIN_RUNTIME=6.0.0 requiere runtime mas nuevo que 5.0.0


[2026-04-10T00:57:58] [load] Plugin rechazado: F:\repos\hitech-os\apps\code-atlas\capatch_system\capatch_plugins\active\recommender_safe_fix_plan.py
RuntimeError: PLUGIN_MIN_RUNTIME=6.0.0 requiere runtime mas nuevo que 5.0.0
Traceback (most recent call last):
  File "F:\repos\hitech-os\apps\code-atlas\capatch_system\capatch_legacy.py", line 664, in load_and_activate_plugin
    raise RuntimeError(
        f"PLUGIN_MIN_RUNTIME={min_runtime} requiere runtime mas nuevo que {CAPATCH_PLUGIN_RUNTIME_VERSION}"
    )
RuntimeError: PLUGIN_MIN_RUNTIME=6.0.0 requiere runtime mas nuevo que 5.0.0


[2026-04-10T00:58:01] [load] Plugin rechazado: F:\repos\hitech-os\apps\code-atlas\capatch_system\capatch_plugins\active\recommender_safe_fix_plan.py
RuntimeError: PLUGIN_MIN_RUNTIME=6.0.0 requiere runtime mas nuevo que 5.0.0
Traceback (most recent call last):
  File "F:\repos\hitech-os\apps\code-atlas\capatch_system\capatch_legacy.py", line 664, in load_and_activate_plugin
    raise RuntimeError(
        f"PLUGIN_MIN_RUNTIME={min_runtime} requiere runtime mas nuevo que {CAPATCH_PLUGIN_RUNTIME_VERSION}"
    )
RuntimeError: PLUGIN_MIN_RUNTIME=6.0.0 requiere runtime mas nuevo que 5.0.0


[2026-04-10T00:58:02] [load] Plugin rechazado: F:\repos\hitech-os\apps\code-atlas\capatch_system\capatch_plugins\active\recommender_safe_fix_plan.py
RuntimeError: PLUGIN_MIN_RUNTIME=6.0.0 requiere runtime mas nuevo que 5.0.0
Traceback (most recent call last):
  File "F:\repos\hitech-os\apps\code-atlas\capatch_system\capatch_legacy.py", line 664, in load_and_activate_plugin
    raise RuntimeError(
        f"PLUGIN_MIN_RUNTIME={min_runtime} requiere runtime mas nuevo que {CAPATCH_PLUGIN_RUNTIME_VERSION}"
    )
RuntimeError: PLUGIN_MIN_RUNTIME=6.0.0 requiere runtime mas nuevo que 5.0.0


[2026-04-10T00:58:04] [load] Plugin rechazado: F:\repos\hitech-os\apps\code-atlas\capatch_system\capatch_plugins\active\recommender_safe_fix_plan.py
RuntimeError: PLUGIN_MIN_RUNTIME=6.0.0 requiere runtime mas nuevo que 5.0.0
Traceback (most recent call last):
  File "F:\repos\hitech-os\apps\code-atlas\capatch_system\capatch_legacy.py", line 664, in load_and_activate_plugin
    raise RuntimeError(
        f"PLUGIN_MIN_RUNTIME={min_runtime} requiere runtime mas nuevo que {CAPATCH_PLUGIN_RUNTIME_VERSION}"
    )
RuntimeError: PLUGIN_MIN_RUNTIME=6.0.0 requiere runtime mas nuevo que 5.0.0


[2026-04-10T00:58:06] [load] Plugin rechazado: F:\repos\hitech-os\apps\code-atlas\capatch_system\capatch_plugins\active\recommender_safe_fix_plan.py
RuntimeError: PLUGIN_MIN_RUNTIME=6.0.0 requiere runtime mas nuevo que 5.0.0
Traceback (most recent call last):
  File "F:\repos\hitech-os\apps\code-atlas\capatch_system\capatch_legacy.py", line 664, in load_and_activate_plugin
    raise RuntimeError(
        f"PLUGIN_MIN_RUNTIME={min_runtime} requiere runtime mas nuevo que {CAPATCH_PLUGIN_RUNTIME_VERSION}"
    )
RuntimeError: PLUGIN_MIN_RUNTIME=6.0.0 requiere runtime mas nuevo que 5.0.0


[2026-04-10T00:58:08] [load] Plugin rechazado: F:\repos\hitech-os\apps\code-atlas\capatch_system\capatch_plugins\active\recommender_safe_fix_plan.py
RuntimeError: PLUGIN_MIN_RUNTIME=6.0.0 requiere runtime mas nuevo que 5.0.0
Traceback (most recent call last):
  File "F:\repos\hitech-os\apps\code-atlas\capatch_system\capatch_legacy.py", line 664, in load_and_activate_plugin
    raise RuntimeError(
        f"PLUGIN_MIN_RUNTIME={min_runtime} requiere runtime mas nuevo que {CAPATCH_PLUGIN_RUNTIME_VERSION}"
    )
RuntimeError: PLUGIN_MIN_RUNTIME=6.0.0 requiere runtime mas nuevo que 5.0.0


[2026-04-10T00:58:09] [load] Plugin rechazado: F:\repos\hitech-os\apps\code-atlas\capatch_system\capatch_plugins\active\recommender_safe_fix_plan.py
RuntimeError: PLUGIN_MIN_RUNTIME=6.0.0 requiere runtime mas nuevo que 5.0.0
Traceback (most recent call last):
  File "F:\repos\hitech-os\apps\code-atlas\capatch_system\capatch_legacy.py", line 664, in load_and_activate_plugin
    raise RuntimeError(
        f"PLUGIN_MIN_RUNTIME={min_runtime} requiere runtime mas nuevo que {CAPATCH_PLUGIN_RUNTIME_VERSION}"
    )
RuntimeError: PLUGIN_MIN_RUNTIME=6.0.0 requiere runtime mas nuevo que 5.0.0


[2026-04-10T00:58:13] [load] Plugin rechazado: F:\repos\hitech-os\apps\code-atlas\capatch_system\capatch_plugins\active\recommender_safe_fix_plan.py
RuntimeError: PLUGIN_MIN_RUNTIME=6.0.0 requiere runtime mas nuevo que 5.0.0
Traceback (most recent call last):
  File "F:\repos\hitech-os\apps\code-atlas\capatch_system\capatch_legacy.py", line 664, in load_and_activate_plugin
    raise RuntimeError(
        f"PLUGIN_MIN_RUNTIME={min_runtime} requiere runtime mas nuevo que {CAPATCH_PLUGIN_RUNTIME_VERSION}"
    )
RuntimeError: PLUGIN_MIN_RUNTIME=6.0.0 requiere runtime mas nuevo que 5.0.0


[2026-04-10T00:58:14] [load] Plugin rechazado: F:\repos\hitech-os\apps\code-atlas\capatch_system\capatch_plugins\active\recommender_safe_fix_plan.py
RuntimeError: PLUGIN_MIN_RUNTIME=6.0.0 requiere runtime mas nuevo que 5.0.0
Traceback (most recent call last):
  File "F:\repos\hitech-os\apps\code-atlas\capatch_system\capatch_legacy.py", line 664, in load_and_activate_plugin
    raise RuntimeError(
        f"PLUGIN_MIN_RUNTIME={min_runtime} requiere runtime mas nuevo que {CAPATCH_PLUGIN_RUNTIME_VERSION}"
    )
RuntimeError: PLUGIN_MIN_RUNTIME=6.0.0 requiere runtime mas nuevo que 5.0.0


[2026-04-10T00:58:14] [load] Plugin rechazado: F:\repos\hitech-os\apps\code-atlas\capatch_system\capatch_plugins\active\recommender_safe_fix_plan.py
RuntimeError: PLUGIN_MIN_RUNTIME=6.0.0 requiere runtime mas nuevo que 5.0.0
Traceback (most recent call last):
  File "F:\repos\hitech-os\apps\code-atlas\capatch_system\capatch_legacy.py", line 664, in load_and_activate_plugin
    raise RuntimeError(
        f"PLUGIN_MIN_RUNTIME={min_runtime} requiere runtime mas nuevo que {CAPATCH_PLUGIN_RUNTIME_VERSION}"
    )
RuntimeError: PLUGIN_MIN_RUNTIME=6.0.0 requiere runtime mas nuevo que 5.0.0


[2026-04-10T00:58:15] [load] Plugin rechazado: F:\repos\hitech-os\apps\code-atlas\capatch_system\capatch_plugins\active\recommender_safe_fix_plan.py
RuntimeError: PLUGIN_MIN_RUNTIME=6.0.0 requiere runtime mas nuevo que 5.0.0
Traceback (most recent call last):
  File "F:\repos\hitech-os\apps\code-atlas\capatch_system\capatch_legacy.py", line 664, in load_and_activate_plugin
    raise RuntimeError(
        f"PLUGIN_MIN_RUNTIME={min_runtime} requiere runtime mas nuevo que {CAPATCH_PLUGIN_RUNTIME_VERSION}"
    )
RuntimeError: PLUGIN_MIN_RUNTIME=6.0.0 requiere runtime mas nuevo que 5.0.0


[2026-04-10T00:58:15] [load] Plugin rechazado: F:\repos\hitech-os\apps\code-atlas\capatch_system\capatch_plugins\active\recommender_safe_fix_plan.py
RuntimeError: PLUGIN_MIN_RUNTIME=6.0.0 requiere runtime mas nuevo que 5.0.0
Traceback (most recent call last):
  File "F:\repos\hitech-os\apps\code-atlas\capatch_system\capatch_legacy.py", line 664, in load_and_activate_plugin
    raise RuntimeError(
        f"PLUGIN_MIN_RUNTIME={min_runtime} requiere runtime mas nuevo que {CAPATCH_PLUGIN_RUNTIME_VERSION}"
    )
RuntimeError: PLUGIN_MIN_RUNTIME=6.0.0 requiere runtime mas nuevo que 5.0.0


[2026-04-10T00:58:16] [load] Plugin rechazado: F:\repos\hitech-os\apps\code-atlas\capatch_system\capatch_plugins\active\recommender_safe_fix_plan.py
RuntimeError: PLUGIN_MIN_RUNTIME=6.0.0 requiere runtime mas nuevo que 5.0.0
Traceback (most recent call last):
  File "F:\repos\hitech-os\apps\code-atlas\capatch_system\capatch_legacy.py", line 664, in load_and_activate_plugin
    raise RuntimeError(
        f"PLUGIN_MIN_RUNTIME={min_runtime} requiere runtime mas nuevo que {CAPATCH_PLUGIN_RUNTIME_VERSION}"
    )
RuntimeError: PLUGIN_MIN_RUNTIME=6.0.0 requiere runtime mas nuevo que 5.0.0


[2026-04-10T00:58:17] [load] Plugin rechazado: F:\repos\hitech-os\apps\code-atlas\capatch_system\capatch_plugins\active\recommender_safe_fix_plan.py
RuntimeError: PLUGIN_MIN_RUNTIME=6.0.0 requiere runtime mas nuevo que 5.0.0
Traceback (most recent call last):
  File "F:\repos\hitech-os\apps\code-atlas\capatch_system\capatch_legacy.py", line 664, in load_and_activate_plugin
    raise RuntimeError(
        f"PLUGIN_MIN_RUNTIME={min_runtime} requiere runtime mas nuevo que {CAPATCH_PLUGIN_RUNTIME_VERSION}"
    )
RuntimeError: PLUGIN_MIN_RUNTIME=6.0.0 requiere runtime mas nuevo que 5.0.0


[2026-04-10T00:58:17] [load] Plugin rechazado: F:\repos\hitech-os\apps\code-atlas\capatch_system\capatch_plugins\active\recommender_safe_fix_plan.py
RuntimeError: PLUGIN_MIN_RUNTIME=6.0.0 requiere runtime mas nuevo que 5.0.0
Traceback (most recent call last):
  File "F:\repos\hitech-os\apps\code-atlas\capatch_system\capatch_legacy.py", line 664, in load_and_activate_plugin
    raise RuntimeError(
        f"PLUGIN_MIN_RUNTIME={min_runtime} requiere runtime mas nuevo que {CAPATCH_PLUGIN_RUNTIME_VERSION}"
    )
RuntimeError: PLUGIN_MIN_RUNTIME=6.0.0 requiere runtime mas nuevo que 5.0.0


[2026-04-10T00:58:17] [load] Plugin rechazado: F:\repos\hitech-os\apps\code-atlas\capatch_system\capatch_plugins\active\recommender_safe_fix_plan.py
RuntimeError: PLUGIN_MIN_RUNTIME=6.0.0 requiere runtime mas nuevo que 5.0.0
Traceback (most recent call last):
  File "F:\repos\hitech-os\apps\code-atlas\capatch_system\capatch_legacy.py", line 664, in load_and_activate_plugin
    raise RuntimeError(
        f"PLUGIN_MIN_RUNTIME={min_runtime} requiere runtime mas nuevo que {CAPATCH_PLUGIN_RUNTIME_VERSION}"
    )
RuntimeError: PLUGIN_MIN_RUNTIME=6.0.0 requiere runtime mas nuevo que 5.0.0


[2026-04-10T00:58:18] [load] Plugin rechazado: F:\repos\hitech-os\apps\code-atlas\capatch_system\capatch_plugins\active\recommender_safe_fix_plan.py
RuntimeError: PLUGIN_MIN_RUNTIME=6.0.0 requiere runtime mas nuevo que 5.0.0
Traceback (most recent call last):
  File "F:\repos\hitech-os\apps\code-atlas\capatch_system\capatch_legacy.py", line 664, in load_and_activate_plugin
    raise RuntimeError(
        f"PLUGIN_MIN_RUNTIME={min_runtime} requiere runtime mas nuevo que {CAPATCH_PLUGIN_RUNTIME_VERSION}"
    )
RuntimeError: PLUGIN_MIN_RUNTIME=6.0.0 requiere runtime mas nuevo que 5.0.0


[2026-04-10T01:02:20] [load] Plugin rechazado: F:\repos\hitech-os\apps\code-atlas\capatch_system\capatch_plugins\active\recommender_safe_fix_plan.py
RuntimeError: PLUGIN_MIN_RUNTIME=6.0.0 requiere runtime mas nuevo que 5.0.0
Traceback (most recent call last):
  File "F:\repos\hitech-os\apps\code-atlas\capatch_system\capatch_legacy.py", line 664, in load_and_activate_plugin
    raise RuntimeError(
        f"PLUGIN_MIN_RUNTIME={min_runtime} requiere runtime mas nuevo que {CAPATCH_PLUGIN_RUNTIME_VERSION}"
    )
RuntimeError: PLUGIN_MIN_RUNTIME=6.0.0 requiere runtime mas nuevo que 5.0.0


[2026-04-10T01:02:21] [load] Plugin rechazado: F:\repos\hitech-os\apps\code-atlas\capatch_system\capatch_plugins\active\recommender_safe_fix_plan.py
RuntimeError: PLUGIN_MIN_RUNTIME=6.0.0 requiere runtime mas nuevo que 5.0.0
Traceback (most recent call last):
  File "F:\repos\hitech-os\apps\code-atlas\capatch_system\capatch_legacy.py", line 664, in load_and_activate_plugin
    raise RuntimeError(
        f"PLUGIN_MIN_RUNTIME={min_runtime} requiere runtime mas nuevo que {CAPATCH_PLUGIN_RUNTIME_VERSION}"
    )
RuntimeError: PLUGIN_MIN_RUNTIME=6.0.0 requiere runtime mas nuevo que 5.0.0


[2026-04-10T01:04:16] [load] Plugin rechazado: F:\repos\hitech-os\apps\code-atlas\capatch_system\capatch_plugins\active\recommender_safe_fix_plan.py
RuntimeError: PLUGIN_MIN_RUNTIME=6.0.0 requiere runtime mas nuevo que 5.0.0
Traceback (most recent call last):
  File "F:\repos\hitech-os\apps\code-atlas\capatch_system\capatch_legacy.py", line 664, in load_and_activate_plugin
    raise RuntimeError(
        f"PLUGIN_MIN_RUNTIME={min_runtime} requiere runtime mas nuevo que {CAPATCH_PLUGIN_RUNTIME_VERSION}"
    )
RuntimeError: PLUGIN_MIN_RUNTIME=6.0.0 requiere runtime mas nuevo que 5.0.0


[2026-04-10T01:04:18] [load] Plugin rechazado: F:\repos\hitech-os\apps\code-atlas\capatch_system\capatch_plugins\active\recommender_safe_fix_plan.py
RuntimeError: PLUGIN_MIN_RUNTIME=6.0.0 requiere runtime mas nuevo que 5.0.0
Traceback (most recent call last):
  File "F:\repos\hitech-os\apps\code-atlas\capatch_system\capatch_legacy.py", line 664, in load_and_activate_plugin
    raise RuntimeError(
        f"PLUGIN_MIN_RUNTIME={min_runtime} requiere runtime mas nuevo que {CAPATCH_PLUGIN_RUNTIME_VERSION}"
    )
RuntimeError: PLUGIN_MIN_RUNTIME=6.0.0 requiere runtime mas nuevo que 5.0.0


[2026-04-10T01:04:18] [load] Plugin rechazado: F:\repos\hitech-os\apps\code-atlas\capatch_system\capatch_plugins\active\recommender_safe_fix_plan.py
RuntimeError: PLUGIN_MIN_RUNTIME=6.0.0 requiere runtime mas nuevo que 5.0.0
Traceback (most recent call last):
  File "F:\repos\hitech-os\apps\code-atlas\capatch_system\capatch_legacy.py", line 664, in load_and_activate_plugin
    raise RuntimeError(
        f"PLUGIN_MIN_RUNTIME={min_runtime} requiere runtime mas nuevo que {CAPATCH_PLUGIN_RUNTIME_VERSION}"
    )
RuntimeError: PLUGIN_MIN_RUNTIME=6.0.0 requiere runtime mas nuevo que 5.0.0


[2026-04-10T01:04:18] [load] Plugin rechazado: F:\repos\hitech-os\apps\code-atlas\capatch_system\capatch_plugins\active\recommender_safe_fix_plan.py
RuntimeError: PLUGIN_MIN_RUNTIME=6.0.0 requiere runtime mas nuevo que 5.0.0
Traceback (most recent call last):
  File "F:\repos\hitech-os\apps\code-atlas\capatch_system\capatch_legacy.py", line 664, in load_and_activate_plugin
    raise RuntimeError(
        f"PLUGIN_MIN_RUNTIME={min_runtime} requiere runtime mas nuevo que {CAPATCH_PLUGIN_RUNTIME_VERSION}"
    )
RuntimeError: PLUGIN_MIN_RUNTIME=6.0.0 requiere runtime mas nuevo que 5.0.0


[2026-04-10T01:04:19] [load] Plugin rechazado: F:\repos\hitech-os\apps\code-atlas\capatch_system\capatch_plugins\active\recommender_safe_fix_plan.py
RuntimeError: PLUGIN_MIN_RUNTIME=6.0.0 requiere runtime mas nuevo que 5.0.0
Traceback (most recent call last):
  File "F:\repos\hitech-os\apps\code-atlas\capatch_system\capatch_legacy.py", line 664, in load_and_activate_plugin
    raise RuntimeError(
        f"PLUGIN_MIN_RUNTIME={min_runtime} requiere runtime mas nuevo que {CAPATCH_PLUGIN_RUNTIME_VERSION}"
    )
RuntimeError: PLUGIN_MIN_RUNTIME=6.0.0 requiere runtime mas nuevo que 5.0.0


[2026-04-10T01:04:35] [load] Plugin rechazado: F:\repos\hitech-os\apps\code-atlas\capatch_system\capatch_plugins\active\recommender_safe_fix_plan.py
RuntimeError: PLUGIN_MIN_RUNTIME=6.0.0 requiere runtime mas nuevo que 5.0.0
Traceback (most recent call last):
  File "F:\repos\hitech-os\apps\code-atlas\capatch_system\capatch_legacy.py", line 664, in load_and_activate_plugin
    raise RuntimeError(
        f"PLUGIN_MIN_RUNTIME={min_runtime} requiere runtime mas nuevo que {CAPATCH_PLUGIN_RUNTIME_VERSION}"
    )
RuntimeError: PLUGIN_MIN_RUNTIME=6.0.0 requiere runtime mas nuevo que 5.0.0


[2026-04-10T01:04:36] [load] Plugin rechazado: F:\repos\hitech-os\apps\code-atlas\capatch_system\capatch_plugins\active\recommender_safe_fix_plan.py
RuntimeError: PLUGIN_MIN_RUNTIME=6.0.0 requiere runtime mas nuevo que 5.0.0
Traceback (most recent call last):
  File "F:\repos\hitech-os\apps\code-atlas\capatch_system\capatch_legacy.py", line 664, in load_and_activate_plugin
    raise RuntimeError(
        f"PLUGIN_MIN_RUNTIME={min_runtime} requiere runtime mas nuevo que {CAPATCH_PLUGIN_RUNTIME_VERSION}"
    )
RuntimeError: PLUGIN_MIN_RUNTIME=6.0.0 requiere runtime mas nuevo que 5.0.0


[2026-04-10T01:04:36] [load] Plugin rechazado: F:\repos\hitech-os\apps\code-atlas\capatch_system\capatch_plugins\active\recommender_safe_fix_plan.py
RuntimeError: PLUGIN_MIN_RUNTIME=6.0.0 requiere runtime mas nuevo que 5.0.0
Traceback (most recent call last):
  File "F:\repos\hitech-os\apps\code-atlas\capatch_system\capatch_legacy.py", line 664, in load_and_activate_plugin
    raise RuntimeError(
        f"PLUGIN_MIN_RUNTIME={min_runtime} requiere runtime mas nuevo que {CAPATCH_PLUGIN_RUNTIME_VERSION}"
    )
RuntimeError: PLUGIN_MIN_RUNTIME=6.0.0 requiere runtime mas nuevo que 5.0.0


[2026-04-10T01:04:37] [load] Plugin rechazado: F:\repos\hitech-os\apps\code-atlas\capatch_system\capatch_plugins\active\recommender_safe_fix_plan.py
RuntimeError: PLUGIN_MIN_RUNTIME=6.0.0 requiere runtime mas nuevo que 5.0.0
Traceback (most recent call last):
  File "F:\repos\hitech-os\apps\code-atlas\capatch_system\capatch_legacy.py", line 664, in load_and_activate_plugin
    raise RuntimeError(
        f"PLUGIN_MIN_RUNTIME={min_runtime} requiere runtime mas nuevo que {CAPATCH_PLUGIN_RUNTIME_VERSION}"
    )
RuntimeError: PLUGIN_MIN_RUNTIME=6.0.0 requiere runtime mas nuevo que 5.0.0


[2026-04-10T01:04:42] [load] Plugin rechazado: F:\repos\hitech-os\apps\code-atlas\capatch_system\capatch_plugins\active\recommender_safe_fix_plan.py
RuntimeError: PLUGIN_MIN_RUNTIME=6.0.0 requiere runtime mas nuevo que 5.0.0
Traceback (most recent call last):
  File "F:\repos\hitech-os\apps\code-atlas\capatch_system\capatch_legacy.py", line 664, in load_and_activate_plugin
    raise RuntimeError(
        f"PLUGIN_MIN_RUNTIME={min_runtime} requiere runtime mas nuevo que {CAPATCH_PLUGIN_RUNTIME_VERSION}"
    )
RuntimeError: PLUGIN_MIN_RUNTIME=6.0.0 requiere runtime mas nuevo que 5.0.0


[2026-04-10T01:04:43] [load] Plugin rechazado: F:\repos\hitech-os\apps\code-atlas\capatch_system\capatch_plugins\active\recommender_safe_fix_plan.py
RuntimeError: PLUGIN_MIN_RUNTIME=6.0.0 requiere runtime mas nuevo que 5.0.0
Traceback (most recent call last):
  File "F:\repos\hitech-os\apps\code-atlas\capatch_system\capatch_legacy.py", line 664, in load_and_activate_plugin
    raise RuntimeError(
        f"PLUGIN_MIN_RUNTIME={min_runtime} requiere runtime mas nuevo que {CAPATCH_PLUGIN_RUNTIME_VERSION}"
    )
RuntimeError: PLUGIN_MIN_RUNTIME=6.0.0 requiere runtime mas nuevo que 5.0.0


[2026-04-10T01:04:45] [load] Plugin rechazado: F:\repos\hitech-os\apps\code-atlas\capatch_system\capatch_plugins\active\recommender_safe_fix_plan.py
RuntimeError: PLUGIN_MIN_RUNTIME=6.0.0 requiere runtime mas nuevo que 5.0.0
Traceback (most recent call last):
  File "F:\repos\hitech-os\apps\code-atlas\capatch_system\capatch_legacy.py", line 664, in load_and_activate_plugin
    raise RuntimeError(
        f"PLUGIN_MIN_RUNTIME={min_runtime} requiere runtime mas nuevo que {CAPATCH_PLUGIN_RUNTIME_VERSION}"
    )
RuntimeError: PLUGIN_MIN_RUNTIME=6.0.0 requiere runtime mas nuevo que 5.0.0


[2026-04-10T01:04:46] [load] Plugin rechazado: F:\repos\hitech-os\apps\code-atlas\capatch_system\capatch_plugins\active\recommender_safe_fix_plan.py
RuntimeError: PLUGIN_MIN_RUNTIME=6.0.0 requiere runtime mas nuevo que 5.0.0
Traceback (most recent call last):
  File "F:\repos\hitech-os\apps\code-atlas\capatch_system\capatch_legacy.py", line 664, in load_and_activate_plugin
    raise RuntimeError(
        f"PLUGIN_MIN_RUNTIME={min_runtime} requiere runtime mas nuevo que {CAPATCH_PLUGIN_RUNTIME_VERSION}"
    )
RuntimeError: PLUGIN_MIN_RUNTIME=6.0.0 requiere runtime mas nuevo que 5.0.0


[2026-04-10T01:04:48] [load] Plugin rechazado: F:\repos\hitech-os\apps\code-atlas\capatch_system\capatch_plugins\active\recommender_safe_fix_plan.py
RuntimeError: PLUGIN_MIN_RUNTIME=6.0.0 requiere runtime mas nuevo que 5.0.0
Traceback (most recent call last):
  File "F:\repos\hitech-os\apps\code-atlas\capatch_system\capatch_legacy.py", line 664, in load_and_activate_plugin
    raise RuntimeError(
        f"PLUGIN_MIN_RUNTIME={min_runtime} requiere runtime mas nuevo que {CAPATCH_PLUGIN_RUNTIME_VERSION}"
    )
RuntimeError: PLUGIN_MIN_RUNTIME=6.0.0 requiere runtime mas nuevo que 5.0.0


[2026-04-10T01:04:50] [load] Plugin rechazado: F:\repos\hitech-os\apps\code-atlas\capatch_system\capatch_plugins\active\recommender_safe_fix_plan.py
RuntimeError: PLUGIN_MIN_RUNTIME=6.0.0 requiere runtime mas nuevo que 5.0.0
Traceback (most recent call last):
  File "F:\repos\hitech-os\apps\code-atlas\capatch_system\capatch_legacy.py", line 664, in load_and_activate_plugin
    raise RuntimeError(
        f"PLUGIN_MIN_RUNTIME={min_runtime} requiere runtime mas nuevo que {CAPATCH_PLUGIN_RUNTIME_VERSION}"
    )
RuntimeError: PLUGIN_MIN_RUNTIME=6.0.0 requiere runtime mas nuevo que 5.0.0


[2026-04-10T01:04:53] [load] Plugin rechazado: F:\repos\hitech-os\apps\code-atlas\capatch_system\capatch_plugins\active\recommender_safe_fix_plan.py
RuntimeError: PLUGIN_MIN_RUNTIME=6.0.0 requiere runtime mas nuevo que 5.0.0
Traceback (most recent call last):
  File "F:\repos\hitech-os\apps\code-atlas\capatch_system\capatch_legacy.py", line 664, in load_and_activate_plugin
    raise RuntimeError(
        f"PLUGIN_MIN_RUNTIME={min_runtime} requiere runtime mas nuevo que {CAPATCH_PLUGIN_RUNTIME_VERSION}"
    )
RuntimeError: PLUGIN_MIN_RUNTIME=6.0.0 requiere runtime mas nuevo que 5.0.0


[2026-04-10T01:04:54] [load] Plugin rechazado: F:\repos\hitech-os\apps\code-atlas\capatch_system\capatch_plugins\active\recommender_safe_fix_plan.py
RuntimeError: PLUGIN_MIN_RUNTIME=6.0.0 requiere runtime mas nuevo que 5.0.0
Traceback (most recent call last):
  File "F:\repos\hitech-os\apps\code-atlas\capatch_system\capatch_legacy.py", line 664, in load_and_activate_plugin
    raise RuntimeError(
        f"PLUGIN_MIN_RUNTIME={min_runtime} requiere runtime mas nuevo que {CAPATCH_PLUGIN_RUNTIME_VERSION}"
    )
RuntimeError: PLUGIN_MIN_RUNTIME=6.0.0 requiere runtime mas nuevo que 5.0.0


[2026-04-10T01:04:55] [load] Plugin rechazado: F:\repos\hitech-os\apps\code-atlas\capatch_system\capatch_plugins\active\recommender_safe_fix_plan.py
RuntimeError: PLUGIN_MIN_RUNTIME=6.0.0 requiere runtime mas nuevo que 5.0.0
Traceback (most recent call last):
  File "F:\repos\hitech-os\apps\code-atlas\capatch_system\capatch_legacy.py", line 664, in load_and_activate_plugin
    raise RuntimeError(
        f"PLUGIN_MIN_RUNTIME={min_runtime} requiere runtime mas nuevo que {CAPATCH_PLUGIN_RUNTIME_VERSION}"
    )
RuntimeError: PLUGIN_MIN_RUNTIME=6.0.0 requiere runtime mas nuevo que 5.0.0


[2026-04-10T01:04:56] [load] Plugin rechazado: F:\repos\hitech-os\apps\code-atlas\capatch_system\capatch_plugins\active\recommender_safe_fix_plan.py
RuntimeError: PLUGIN_MIN_RUNTIME=6.0.0 requiere runtime mas nuevo que 5.0.0
Traceback (most recent call last):
  File "F:\repos\hitech-os\apps\code-atlas\capatch_system\capatch_legacy.py", line 664, in load_and_activate_plugin
    raise RuntimeError(
        f"PLUGIN_MIN_RUNTIME={min_runtime} requiere runtime mas nuevo que {CAPATCH_PLUGIN_RUNTIME_VERSION}"
    )
RuntimeError: PLUGIN_MIN_RUNTIME=6.0.0 requiere runtime mas nuevo que 5.0.0


[2026-04-10T01:05:01] [load] Plugin rechazado: F:\repos\hitech-os\apps\code-atlas\capatch_system\capatch_plugins\active\recommender_safe_fix_plan.py
RuntimeError: PLUGIN_MIN_RUNTIME=6.0.0 requiere runtime mas nuevo que 5.0.0
Traceback (most recent call last):
  File "F:\repos\hitech-os\apps\code-atlas\capatch_system\capatch_legacy.py", line 664, in load_and_activate_plugin
    raise RuntimeError(
        f"PLUGIN_MIN_RUNTIME={min_runtime} requiere runtime mas nuevo que {CAPATCH_PLUGIN_RUNTIME_VERSION}"
    )
RuntimeError: PLUGIN_MIN_RUNTIME=6.0.0 requiere runtime mas nuevo que 5.0.0


[2026-04-10T01:05:02] [load] Plugin rechazado: F:\repos\hitech-os\apps\code-atlas\capatch_system\capatch_plugins\active\recommender_safe_fix_plan.py
RuntimeError: PLUGIN_MIN_RUNTIME=6.0.0 requiere runtime mas nuevo que 5.0.0
Traceback (most recent call last):
  File "F:\repos\hitech-os\apps\code-atlas\capatch_system\capatch_legacy.py", line 664, in load_and_activate_plugin
    raise RuntimeError(
        f"PLUGIN_MIN_RUNTIME={min_runtime} requiere runtime mas nuevo que {CAPATCH_PLUGIN_RUNTIME_VERSION}"
    )
RuntimeError: PLUGIN_MIN_RUNTIME=6.0.0 requiere runtime mas nuevo que 5.0.0


[2026-04-10T01:05:02] [load] Plugin rechazado: F:\repos\hitech-os\apps\code-atlas\capatch_system\capatch_plugins\active\recommender_safe_fix_plan.py
RuntimeError: PLUGIN_MIN_RUNTIME=6.0.0 requiere runtime mas nuevo que 5.0.0
Traceback (most recent call last):
  File "F:\repos\hitech-os\apps\code-atlas\capatch_system\capatch_legacy.py", line 664, in load_and_activate_plugin
    raise RuntimeError(
        f"PLUGIN_MIN_RUNTIME={min_runtime} requiere runtime mas nuevo que {CAPATCH_PLUGIN_RUNTIME_VERSION}"
    )
RuntimeError: PLUGIN_MIN_RUNTIME=6.0.0 requiere runtime mas nuevo que 5.0.0


[2026-04-10T01:05:02] [load] Plugin rechazado: F:\repos\hitech-os\apps\code-atlas\capatch_system\capatch_plugins\active\recommender_safe_fix_plan.py
RuntimeError: PLUGIN_MIN_RUNTIME=6.0.0 requiere runtime mas nuevo que 5.0.0
Traceback (most recent call last):
  File "F:\repos\hitech-os\apps\code-atlas\capatch_system\capatch_legacy.py", line 664, in load_and_activate_plugin
    raise RuntimeError(
        f"PLUGIN_MIN_RUNTIME={min_runtime} requiere runtime mas nuevo que {CAPATCH_PLUGIN_RUNTIME_VERSION}"
    )
RuntimeError: PLUGIN_MIN_RUNTIME=6.0.0 requiere runtime mas nuevo que 5.0.0


[2026-04-10T01:05:02] [load] Plugin rechazado: F:\repos\hitech-os\apps\code-atlas\capatch_system\capatch_plugins\active\recommender_safe_fix_plan.py
RuntimeError: PLUGIN_MIN_RUNTIME=6.0.0 requiere runtime mas nuevo que 5.0.0
Traceback (most recent call last):
  File "F:\repos\hitech-os\apps\code-atlas\capatch_system\capatch_legacy.py", line 664, in load_and_activate_plugin
    raise RuntimeError(
        f"PLUGIN_MIN_RUNTIME={min_runtime} requiere runtime mas nuevo que {CAPATCH_PLUGIN_RUNTIME_VERSION}"
    )
RuntimeError: PLUGIN_MIN_RUNTIME=6.0.0 requiere runtime mas nuevo que 5.0.0


[2026-04-10T01:05:03] [load] Plugin rechazado: F:\repos\hitech-os\apps\code-atlas\capatch_system\capatch_plugins\active\recommender_safe_fix_plan.py
RuntimeError: PLUGIN_MIN_RUNTIME=6.0.0 requiere runtime mas nuevo que 5.0.0
Traceback (most recent call last):
  File "F:\repos\hitech-os\apps\code-atlas\capatch_system\capatch_legacy.py", line 664, in load_and_activate_plugin
    raise RuntimeError(
        f"PLUGIN_MIN_RUNTIME={min_runtime} requiere runtime mas nuevo que {CAPATCH_PLUGIN_RUNTIME_VERSION}"
    )
RuntimeError: PLUGIN_MIN_RUNTIME=6.0.0 requiere runtime mas nuevo que 5.0.0


[2026-04-10T01:05:04] [load] Plugin rechazado: F:\repos\hitech-os\apps\code-atlas\capatch_system\capatch_plugins\active\recommender_safe_fix_plan.py
RuntimeError: PLUGIN_MIN_RUNTIME=6.0.0 requiere runtime mas nuevo que 5.0.0
Traceback (most recent call last):
  File "F:\repos\hitech-os\apps\code-atlas\capatch_system\capatch_legacy.py", line 664, in load_and_activate_plugin
    raise RuntimeError(
        f"PLUGIN_MIN_RUNTIME={min_runtime} requiere runtime mas nuevo que {CAPATCH_PLUGIN_RUNTIME_VERSION}"
    )
RuntimeError: PLUGIN_MIN_RUNTIME=6.0.0 requiere runtime mas nuevo que 5.0.0


[2026-04-10T01:05:04] [load] Plugin rechazado: F:\repos\hitech-os\apps\code-atlas\capatch_system\capatch_plugins\active\recommender_safe_fix_plan.py
RuntimeError: PLUGIN_MIN_RUNTIME=6.0.0 requiere runtime mas nuevo que 5.0.0
Traceback (most recent call last):
  File "F:\repos\hitech-os\apps\code-atlas\capatch_system\capatch_legacy.py", line 664, in load_and_activate_plugin
    raise RuntimeError(
        f"PLUGIN_MIN_RUNTIME={min_runtime} requiere runtime mas nuevo que {CAPATCH_PLUGIN_RUNTIME_VERSION}"
    )
RuntimeError: PLUGIN_MIN_RUNTIME=6.0.0 requiere runtime mas nuevo que 5.0.0


[2026-04-10T01:05:05] [load] Plugin rechazado: F:\repos\hitech-os\apps\code-atlas\capatch_system\capatch_plugins\active\recommender_safe_fix_plan.py
RuntimeError: PLUGIN_MIN_RUNTIME=6.0.0 requiere runtime mas nuevo que 5.0.0
Traceback (most recent call last):
  File "F:\repos\hitech-os\apps\code-atlas\capatch_system\capatch_legacy.py", line 664, in load_and_activate_plugin
    raise RuntimeError(
        f"PLUGIN_MIN_RUNTIME={min_runtime} requiere runtime mas nuevo que {CAPATCH_PLUGIN_RUNTIME_VERSION}"
    )
RuntimeError: PLUGIN_MIN_RUNTIME=6.0.0 requiere runtime mas nuevo que 5.0.0


[2026-04-10T01:05:05] [load] Plugin rechazado: F:\repos\hitech-os\apps\code-atlas\capatch_system\capatch_plugins\active\recommender_safe_fix_plan.py
RuntimeError: PLUGIN_MIN_RUNTIME=6.0.0 requiere runtime mas nuevo que 5.0.0
Traceback (most recent call last):
  File "F:\repos\hitech-os\apps\code-atlas\capatch_system\capatch_legacy.py", line 664, in load_and_activate_plugin
    raise RuntimeError(
        f"PLUGIN_MIN_RUNTIME={min_runtime} requiere runtime mas nuevo que {CAPATCH_PLUGIN_RUNTIME_VERSION}"
    )
RuntimeError: PLUGIN_MIN_RUNTIME=6.0.0 requiere runtime mas nuevo que 5.0.0


[2026-04-10T01:21:39] [load] Plugin rechazado: F:\repos\hitech-os\apps\code-atlas\capatch_system\capatch_plugins\active\recommender_safe_fix_plan.py
RuntimeError: PLUGIN_MIN_RUNTIME=6.0.0 requiere runtime mas nuevo que 5.0.0
Traceback (most recent call last):
  File "F:\repos\hitech-os\apps\code-atlas\capatch_system\capatch_legacy.py", line 664, in load_and_activate_plugin
    raise RuntimeError(
        f"PLUGIN_MIN_RUNTIME={min_runtime} requiere runtime mas nuevo que {CAPATCH_PLUGIN_RUNTIME_VERSION}"
    )
RuntimeError: PLUGIN_MIN_RUNTIME=6.0.0 requiere runtime mas nuevo que 5.0.0


[2026-04-10T01:21:39] [load] Plugin rechazado: F:\repos\hitech-os\apps\code-atlas\capatch_system\capatch_plugins\active\recommender_safe_fix_plan.py
RuntimeError: PLUGIN_MIN_RUNTIME=6.0.0 requiere runtime mas nuevo que 5.0.0
Traceback (most recent call last):
  File "F:\repos\hitech-os\apps\code-atlas\capatch_system\capatch_legacy.py", line 664, in load_and_activate_plugin
    raise RuntimeError(
        f"PLUGIN_MIN_RUNTIME={min_runtime} requiere runtime mas nuevo que {CAPATCH_PLUGIN_RUNTIME_VERSION}"
    )
RuntimeError: PLUGIN_MIN_RUNTIME=6.0.0 requiere runtime mas nuevo que 5.0.0


[2026-04-10T01:21:39] [load] Plugin rechazado: F:\repos\hitech-os\apps\code-atlas\capatch_system\capatch_plugins\active\recommender_safe_fix_plan.py
RuntimeError: PLUGIN_MIN_RUNTIME=6.0.0 requiere runtime mas nuevo que 5.0.0
Traceback (most recent call last):
  File "F:\repos\hitech-os\apps\code-atlas\capatch_system\capatch_legacy.py", line 664, in load_and_activate_plugin
    raise RuntimeError(
        f"PLUGIN_MIN_RUNTIME={min_runtime} requiere runtime mas nuevo que {CAPATCH_PLUGIN_RUNTIME_VERSION}"
    )
RuntimeError: PLUGIN_MIN_RUNTIME=6.0.0 requiere runtime mas nuevo que 5.0.0


[2026-04-10T01:21:40] [load] Plugin rechazado: F:\repos\hitech-os\apps\code-atlas\capatch_system\capatch_plugins\active\recommender_safe_fix_plan.py
RuntimeError: PLUGIN_MIN_RUNTIME=6.0.0 requiere runtime mas nuevo que 5.0.0
Traceback (most recent call last):
  File "F:\repos\hitech-os\apps\code-atlas\capatch_system\capatch_legacy.py", line 664, in load_and_activate_plugin
    raise RuntimeError(
        f"PLUGIN_MIN_RUNTIME={min_runtime} requiere runtime mas nuevo que {CAPATCH_PLUGIN_RUNTIME_VERSION}"
    )
RuntimeError: PLUGIN_MIN_RUNTIME=6.0.0 requiere runtime mas nuevo que 5.0.0


[2026-04-10T01:21:44] [load] Plugin rechazado: F:\repos\hitech-os\apps\code-atlas\capatch_system\capatch_plugins\active\recommender_safe_fix_plan.py
RuntimeError: PLUGIN_MIN_RUNTIME=6.0.0 requiere runtime mas nuevo que 5.0.0
Traceback (most recent call last):
  File "F:\repos\hitech-os\apps\code-atlas\capatch_system\capatch_legacy.py", line 664, in load_and_activate_plugin
    raise RuntimeError(
        f"PLUGIN_MIN_RUNTIME={min_runtime} requiere runtime mas nuevo que {CAPATCH_PLUGIN_RUNTIME_VERSION}"
    )
RuntimeError: PLUGIN_MIN_RUNTIME=6.0.0 requiere runtime mas nuevo que 5.0.0


[2026-04-10T01:21:45] [load] Plugin rechazado: F:\repos\hitech-os\apps\code-atlas\capatch_system\capatch_plugins\active\recommender_safe_fix_plan.py
RuntimeError: PLUGIN_MIN_RUNTIME=6.0.0 requiere runtime mas nuevo que 5.0.0
Traceback (most recent call last):
  File "F:\repos\hitech-os\apps\code-atlas\capatch_system\capatch_legacy.py", line 664, in load_and_activate_plugin
    raise RuntimeError(
        f"PLUGIN_MIN_RUNTIME={min_runtime} requiere runtime mas nuevo que {CAPATCH_PLUGIN_RUNTIME_VERSION}"
    )
RuntimeError: PLUGIN_MIN_RUNTIME=6.0.0 requiere runtime mas nuevo que 5.0.0


[2026-04-10T01:21:47] [load] Plugin rechazado: F:\repos\hitech-os\apps\code-atlas\capatch_system\capatch_plugins\active\recommender_safe_fix_plan.py
RuntimeError: PLUGIN_MIN_RUNTIME=6.0.0 requiere runtime mas nuevo que 5.0.0
Traceback (most recent call last):
  File "F:\repos\hitech-os\apps\code-atlas\capatch_system\capatch_legacy.py", line 664, in load_and_activate_plugin
    raise RuntimeError(
        f"PLUGIN_MIN_RUNTIME={min_runtime} requiere runtime mas nuevo que {CAPATCH_PLUGIN_RUNTIME_VERSION}"
    )
RuntimeError: PLUGIN_MIN_RUNTIME=6.0.0 requiere runtime mas nuevo que 5.0.0


[2026-04-10T01:21:48] [load] Plugin rechazado: F:\repos\hitech-os\apps\code-atlas\capatch_system\capatch_plugins\active\recommender_safe_fix_plan.py
RuntimeError: PLUGIN_MIN_RUNTIME=6.0.0 requiere runtime mas nuevo que 5.0.0
Traceback (most recent call last):
  File "F:\repos\hitech-os\apps\code-atlas\capatch_system\capatch_legacy.py", line 664, in load_and_activate_plugin
    raise RuntimeError(
        f"PLUGIN_MIN_RUNTIME={min_runtime} requiere runtime mas nuevo que {CAPATCH_PLUGIN_RUNTIME_VERSION}"
    )
RuntimeError: PLUGIN_MIN_RUNTIME=6.0.0 requiere runtime mas nuevo que 5.0.0


[2026-04-10T01:21:50] [load] Plugin rechazado: F:\repos\hitech-os\apps\code-atlas\capatch_system\capatch_plugins\active\recommender_safe_fix_plan.py
RuntimeError: PLUGIN_MIN_RUNTIME=6.0.0 requiere runtime mas nuevo que 5.0.0
Traceback (most recent call last):
  File "F:\repos\hitech-os\apps\code-atlas\capatch_system\capatch_legacy.py", line 664, in load_and_activate_plugin
    raise RuntimeError(
        f"PLUGIN_MIN_RUNTIME={min_runtime} requiere runtime mas nuevo que {CAPATCH_PLUGIN_RUNTIME_VERSION}"
    )
RuntimeError: PLUGIN_MIN_RUNTIME=6.0.0 requiere runtime mas nuevo que 5.0.0


[2026-04-10T01:21:51] [load] Plugin rechazado: F:\repos\hitech-os\apps\code-atlas\capatch_system\capatch_plugins\active\recommender_safe_fix_plan.py
RuntimeError: PLUGIN_MIN_RUNTIME=6.0.0 requiere runtime mas nuevo que 5.0.0
Traceback (most recent call last):
  File "F:\repos\hitech-os\apps\code-atlas\capatch_system\capatch_legacy.py", line 664, in load_and_activate_plugin
    raise RuntimeError(
        f"PLUGIN_MIN_RUNTIME={min_runtime} requiere runtime mas nuevo que {CAPATCH_PLUGIN_RUNTIME_VERSION}"
    )
RuntimeError: PLUGIN_MIN_RUNTIME=6.0.0 requiere runtime mas nuevo que 5.0.0


[2026-04-10T01:21:53] [load] Plugin rechazado: F:\repos\hitech-os\apps\code-atlas\capatch_system\capatch_plugins\active\recommender_safe_fix_plan.py
RuntimeError: PLUGIN_MIN_RUNTIME=6.0.0 requiere runtime mas nuevo que 5.0.0
Traceback (most recent call last):
  File "F:\repos\hitech-os\apps\code-atlas\capatch_system\capatch_legacy.py", line 664, in load_and_activate_plugin
    raise RuntimeError(
        f"PLUGIN_MIN_RUNTIME={min_runtime} requiere runtime mas nuevo que {CAPATCH_PLUGIN_RUNTIME_VERSION}"
    )
RuntimeError: PLUGIN_MIN_RUNTIME=6.0.0 requiere runtime mas nuevo que 5.0.0


[2026-04-10T01:21:54] [load] Plugin rechazado: F:\repos\hitech-os\apps\code-atlas\capatch_system\capatch_plugins\active\recommender_safe_fix_plan.py
RuntimeError: PLUGIN_MIN_RUNTIME=6.0.0 requiere runtime mas nuevo que 5.0.0
Traceback (most recent call last):
  File "F:\repos\hitech-os\apps\code-atlas\capatch_system\capatch_legacy.py", line 664, in load_and_activate_plugin
    raise RuntimeError(
        f"PLUGIN_MIN_RUNTIME={min_runtime} requiere runtime mas nuevo que {CAPATCH_PLUGIN_RUNTIME_VERSION}"
    )
RuntimeError: PLUGIN_MIN_RUNTIME=6.0.0 requiere runtime mas nuevo que 5.0.0


[2026-04-10T01:21:56] [load] Plugin rechazado: F:\repos\hitech-os\apps\code-atlas\capatch_system\capatch_plugins\active\recommender_safe_fix_plan.py
RuntimeError: PLUGIN_MIN_RUNTIME=6.0.0 requiere runtime mas nuevo que 5.0.0
Traceback (most recent call last):
  File "F:\repos\hitech-os\apps\code-atlas\capatch_system\capatch_legacy.py", line 664, in load_and_activate_plugin
    raise RuntimeError(
        f"PLUGIN_MIN_RUNTIME={min_runtime} requiere runtime mas nuevo que {CAPATCH_PLUGIN_RUNTIME_VERSION}"
    )
RuntimeError: PLUGIN_MIN_RUNTIME=6.0.0 requiere runtime mas nuevo que 5.0.0


[2026-04-10T01:21:56] [load] Plugin rechazado: F:\repos\hitech-os\apps\code-atlas\capatch_system\capatch_plugins\active\recommender_safe_fix_plan.py
RuntimeError: PLUGIN_MIN_RUNTIME=6.0.0 requiere runtime mas nuevo que 5.0.0
Traceback (most recent call last):
  File "F:\repos\hitech-os\apps\code-atlas\capatch_system\capatch_legacy.py", line 664, in load_and_activate_plugin
    raise RuntimeError(
        f"PLUGIN_MIN_RUNTIME={min_runtime} requiere runtime mas nuevo que {CAPATCH_PLUGIN_RUNTIME_VERSION}"
    )
RuntimeError: PLUGIN_MIN_RUNTIME=6.0.0 requiere runtime mas nuevo que 5.0.0


[2026-04-10T01:22:00] [load] Plugin rechazado: F:\repos\hitech-os\apps\code-atlas\capatch_system\capatch_plugins\active\recommender_safe_fix_plan.py
RuntimeError: PLUGIN_MIN_RUNTIME=6.0.0 requiere runtime mas nuevo que 5.0.0
Traceback (most recent call last):
  File "F:\repos\hitech-os\apps\code-atlas\capatch_system\capatch_legacy.py", line 664, in load_and_activate_plugin
    raise RuntimeError(
        f"PLUGIN_MIN_RUNTIME={min_runtime} requiere runtime mas nuevo que {CAPATCH_PLUGIN_RUNTIME_VERSION}"
    )
RuntimeError: PLUGIN_MIN_RUNTIME=6.0.0 requiere runtime mas nuevo que 5.0.0


[2026-04-10T01:22:01] [load] Plugin rechazado: F:\repos\hitech-os\apps\code-atlas\capatch_system\capatch_plugins\active\recommender_safe_fix_plan.py
RuntimeError: PLUGIN_MIN_RUNTIME=6.0.0 requiere runtime mas nuevo que 5.0.0
Traceback (most recent call last):
  File "F:\repos\hitech-os\apps\code-atlas\capatch_system\capatch_legacy.py", line 664, in load_and_activate_plugin
    raise RuntimeError(
        f"PLUGIN_MIN_RUNTIME={min_runtime} requiere runtime mas nuevo que {CAPATCH_PLUGIN_RUNTIME_VERSION}"
    )
RuntimeError: PLUGIN_MIN_RUNTIME=6.0.0 requiere runtime mas nuevo que 5.0.0


[2026-04-10T01:22:01] [load] Plugin rechazado: F:\repos\hitech-os\apps\code-atlas\capatch_system\capatch_plugins\active\recommender_safe_fix_plan.py
RuntimeError: PLUGIN_MIN_RUNTIME=6.0.0 requiere runtime mas nuevo que 5.0.0
Traceback (most recent call last):
  File "F:\repos\hitech-os\apps\code-atlas\capatch_system\capatch_legacy.py", line 664, in load_and_activate_plugin
    raise RuntimeError(
        f"PLUGIN_MIN_RUNTIME={min_runtime} requiere runtime mas nuevo que {CAPATCH_PLUGIN_RUNTIME_VERSION}"
    )
RuntimeError: PLUGIN_MIN_RUNTIME=6.0.0 requiere runtime mas nuevo que 5.0.0


[2026-04-10T01:22:01] [load] Plugin rechazado: F:\repos\hitech-os\apps\code-atlas\capatch_system\capatch_plugins\active\recommender_safe_fix_plan.py
RuntimeError: PLUGIN_MIN_RUNTIME=6.0.0 requiere runtime mas nuevo que 5.0.0
Traceback (most recent call last):
  File "F:\repos\hitech-os\apps\code-atlas\capatch_system\capatch_legacy.py", line 664, in load_and_activate_plugin
    raise RuntimeError(
        f"PLUGIN_MIN_RUNTIME={min_runtime} requiere runtime mas nuevo que {CAPATCH_PLUGIN_RUNTIME_VERSION}"
    )
RuntimeError: PLUGIN_MIN_RUNTIME=6.0.0 requiere runtime mas nuevo que 5.0.0


[2026-04-10T01:22:01] [load] Plugin rechazado: F:\repos\hitech-os\apps\code-atlas\capatch_system\capatch_plugins\active\recommender_safe_fix_plan.py
RuntimeError: PLUGIN_MIN_RUNTIME=6.0.0 requiere runtime mas nuevo que 5.0.0
Traceback (most recent call last):
  File "F:\repos\hitech-os\apps\code-atlas\capatch_system\capatch_legacy.py", line 664, in load_and_activate_plugin
    raise RuntimeError(
        f"PLUGIN_MIN_RUNTIME={min_runtime} requiere runtime mas nuevo que {CAPATCH_PLUGIN_RUNTIME_VERSION}"
    )
RuntimeError: PLUGIN_MIN_RUNTIME=6.0.0 requiere runtime mas nuevo que 5.0.0


[2026-04-10T01:22:02] [load] Plugin rechazado: F:\repos\hitech-os\apps\code-atlas\capatch_system\capatch_plugins\active\recommender_safe_fix_plan.py
RuntimeError: PLUGIN_MIN_RUNTIME=6.0.0 requiere runtime mas nuevo que 5.0.0
Traceback (most recent call last):
  File "F:\repos\hitech-os\apps\code-atlas\capatch_system\capatch_legacy.py", line 664, in load_and_activate_plugin
    raise RuntimeError(
        f"PLUGIN_MIN_RUNTIME={min_runtime} requiere runtime mas nuevo que {CAPATCH_PLUGIN_RUNTIME_VERSION}"
    )
RuntimeError: PLUGIN_MIN_RUNTIME=6.0.0 requiere runtime mas nuevo que 5.0.0


[2026-04-10T01:22:03] [load] Plugin rechazado: F:\repos\hitech-os\apps\code-atlas\capatch_system\capatch_plugins\active\recommender_safe_fix_plan.py
RuntimeError: PLUGIN_MIN_RUNTIME=6.0.0 requiere runtime mas nuevo que 5.0.0
Traceback (most recent call last):
  File "F:\repos\hitech-os\apps\code-atlas\capatch_system\capatch_legacy.py", line 664, in load_and_activate_plugin
    raise RuntimeError(
        f"PLUGIN_MIN_RUNTIME={min_runtime} requiere runtime mas nuevo que {CAPATCH_PLUGIN_RUNTIME_VERSION}"
    )
RuntimeError: PLUGIN_MIN_RUNTIME=6.0.0 requiere runtime mas nuevo que 5.0.0


[2026-04-10T01:22:03] [load] Plugin rechazado: F:\repos\hitech-os\apps\code-atlas\capatch_system\capatch_plugins\active\recommender_safe_fix_plan.py
RuntimeError: PLUGIN_MIN_RUNTIME=6.0.0 requiere runtime mas nuevo que 5.0.0
Traceback (most recent call last):
  File "F:\repos\hitech-os\apps\code-atlas\capatch_system\capatch_legacy.py", line 664, in load_and_activate_plugin
    raise RuntimeError(
        f"PLUGIN_MIN_RUNTIME={min_runtime} requiere runtime mas nuevo que {CAPATCH_PLUGIN_RUNTIME_VERSION}"
    )
RuntimeError: PLUGIN_MIN_RUNTIME=6.0.0 requiere runtime mas nuevo que 5.0.0


[2026-04-10T01:22:03] [load] Plugin rechazado: F:\repos\hitech-os\apps\code-atlas\capatch_system\capatch_plugins\active\recommender_safe_fix_plan.py
RuntimeError: PLUGIN_MIN_RUNTIME=6.0.0 requiere runtime mas nuevo que 5.0.0
Traceback (most recent call last):
  File "F:\repos\hitech-os\apps\code-atlas\capatch_system\capatch_legacy.py", line 664, in load_and_activate_plugin
    raise RuntimeError(
        f"PLUGIN_MIN_RUNTIME={min_runtime} requiere runtime mas nuevo que {CAPATCH_PLUGIN_RUNTIME_VERSION}"
    )
RuntimeError: PLUGIN_MIN_RUNTIME=6.0.0 requiere runtime mas nuevo que 5.0.0


[2026-04-10T01:22:04] [load] Plugin rechazado: F:\repos\hitech-os\apps\code-atlas\capatch_system\capatch_plugins\active\recommender_safe_fix_plan.py
RuntimeError: PLUGIN_MIN_RUNTIME=6.0.0 requiere runtime mas nuevo que 5.0.0
Traceback (most recent call last):
  File "F:\repos\hitech-os\apps\code-atlas\capatch_system\capatch_legacy.py", line 664, in load_and_activate_plugin
    raise RuntimeError(
        f"PLUGIN_MIN_RUNTIME={min_runtime} requiere runtime mas nuevo que {CAPATCH_PLUGIN_RUNTIME_VERSION}"
    )
RuntimeError: PLUGIN_MIN_RUNTIME=6.0.0 requiere runtime mas nuevo que 5.0.0


[2026-04-10T01:22:04] [load] Plugin rechazado: F:\repos\hitech-os\apps\code-atlas\capatch_system\capatch_plugins\active\recommender_safe_fix_plan.py
RuntimeError: PLUGIN_MIN_RUNTIME=6.0.0 requiere runtime mas nuevo que 5.0.0
Traceback (most recent call last):
  File "F:\repos\hitech-os\apps\code-atlas\capatch_system\capatch_legacy.py", line 664, in load_and_activate_plugin
    raise RuntimeError(
        f"PLUGIN_MIN_RUNTIME={min_runtime} requiere runtime mas nuevo que {CAPATCH_PLUGIN_RUNTIME_VERSION}"
    )
RuntimeError: PLUGIN_MIN_RUNTIME=6.0.0 requiere runtime mas nuevo que 5.0.0


[2026-04-10T01:22:05] [load] Plugin rechazado: F:\repos\hitech-os\apps\code-atlas\capatch_system\capatch_plugins\active\recommender_safe_fix_plan.py
RuntimeError: PLUGIN_MIN_RUNTIME=6.0.0 requiere runtime mas nuevo que 5.0.0
Traceback (most recent call last):
  File "F:\repos\hitech-os\apps\code-atlas\capatch_system\capatch_legacy.py", line 664, in load_and_activate_plugin
    raise RuntimeError(
        f"PLUGIN_MIN_RUNTIME={min_runtime} requiere runtime mas nuevo que {CAPATCH_PLUGIN_RUNTIME_VERSION}"
    )
RuntimeError: PLUGIN_MIN_RUNTIME=6.0.0 requiere runtime mas nuevo que 5.0.0


[2026-04-10T01:22:08] [load] Plugin rechazado: F:\repos\hitech-os\apps\code-atlas\capatch_system\capatch_plugins\active\recommender_safe_fix_plan.py
RuntimeError: PLUGIN_MIN_RUNTIME=6.0.0 requiere runtime mas nuevo que 5.0.0
Traceback (most recent call last):
  File "F:\repos\hitech-os\apps\code-atlas\capatch_system\capatch_legacy.py", line 664, in load_and_activate_plugin
    raise RuntimeError(
        f"PLUGIN_MIN_RUNTIME={min_runtime} requiere runtime mas nuevo que {CAPATCH_PLUGIN_RUNTIME_VERSION}"
    )
RuntimeError: PLUGIN_MIN_RUNTIME=6.0.0 requiere runtime mas nuevo que 5.0.0


[2026-04-10T01:22:09] [load] Plugin rechazado: F:\repos\hitech-os\apps\code-atlas\capatch_system\capatch_plugins\active\recommender_safe_fix_plan.py
RuntimeError: PLUGIN_MIN_RUNTIME=6.0.0 requiere runtime mas nuevo que 5.0.0
Traceback (most recent call last):
  File "F:\repos\hitech-os\apps\code-atlas\capatch_system\capatch_legacy.py", line 664, in load_and_activate_plugin
    raise RuntimeError(
        f"PLUGIN_MIN_RUNTIME={min_runtime} requiere runtime mas nuevo que {CAPATCH_PLUGIN_RUNTIME_VERSION}"
    )
RuntimeError: PLUGIN_MIN_RUNTIME=6.0.0 requiere runtime mas nuevo que 5.0.0


[2026-04-10T01:22:10] [load] Plugin rechazado: F:\repos\hitech-os\apps\code-atlas\capatch_system\capatch_plugins\active\recommender_safe_fix_plan.py
RuntimeError: PLUGIN_MIN_RUNTIME=6.0.0 requiere runtime mas nuevo que 5.0.0
Traceback (most recent call last):
  File "F:\repos\hitech-os\apps\code-atlas\capatch_system\capatch_legacy.py", line 664, in load_and_activate_plugin
    raise RuntimeError(
        f"PLUGIN_MIN_RUNTIME={min_runtime} requiere runtime mas nuevo que {CAPATCH_PLUGIN_RUNTIME_VERSION}"
    )
RuntimeError: PLUGIN_MIN_RUNTIME=6.0.0 requiere runtime mas nuevo que 5.0.0


[2026-04-10T01:22:10] [load] Plugin rechazado: F:\repos\hitech-os\apps\code-atlas\capatch_system\capatch_plugins\active\recommender_safe_fix_plan.py
RuntimeError: PLUGIN_MIN_RUNTIME=6.0.0 requiere runtime mas nuevo que 5.0.0
Traceback (most recent call last):
  File "F:\repos\hitech-os\apps\code-atlas\capatch_system\capatch_legacy.py", line 664, in load_and_activate_plugin
    raise RuntimeError(
        f"PLUGIN_MIN_RUNTIME={min_runtime} requiere runtime mas nuevo que {CAPATCH_PLUGIN_RUNTIME_VERSION}"
    )
RuntimeError: PLUGIN_MIN_RUNTIME=6.0.0 requiere runtime mas nuevo que 5.0.0


[2026-04-10T01:22:10] [load] Plugin rechazado: F:\repos\hitech-os\apps\code-atlas\capatch_system\capatch_plugins\active\recommender_safe_fix_plan.py
RuntimeError: PLUGIN_MIN_RUNTIME=6.0.0 requiere runtime mas nuevo que 5.0.0
Traceback (most recent call last):
  File "F:\repos\hitech-os\apps\code-atlas\capatch_system\capatch_legacy.py", line 664, in load_and_activate_plugin
    raise RuntimeError(
        f"PLUGIN_MIN_RUNTIME={min_runtime} requiere runtime mas nuevo que {CAPATCH_PLUGIN_RUNTIME_VERSION}"
    )
RuntimeError: PLUGIN_MIN_RUNTIME=6.0.0 requiere runtime mas nuevo que 5.0.0


[2026-04-10T01:22:11] [load] Plugin rechazado: F:\repos\hitech-os\apps\code-atlas\capatch_system\capatch_plugins\active\recommender_safe_fix_plan.py
RuntimeError: PLUGIN_MIN_RUNTIME=6.0.0 requiere runtime mas nuevo que 5.0.0
Traceback (most recent call last):
  File "F:\repos\hitech-os\apps\code-atlas\capatch_system\capatch_legacy.py", line 664, in load_and_activate_plugin
    raise RuntimeError(
        f"PLUGIN_MIN_RUNTIME={min_runtime} requiere runtime mas nuevo que {CAPATCH_PLUGIN_RUNTIME_VERSION}"
    )
RuntimeError: PLUGIN_MIN_RUNTIME=6.0.0 requiere runtime mas nuevo que 5.0.0


[2026-04-10T01:22:12] [load] Plugin rechazado: F:\repos\hitech-os\apps\code-atlas\capatch_system\capatch_plugins\active\recommender_safe_fix_plan.py
RuntimeError: PLUGIN_MIN_RUNTIME=6.0.0 requiere runtime mas nuevo que 5.0.0
Traceback (most recent call last):
  File "F:\repos\hitech-os\apps\code-atlas\capatch_system\capatch_legacy.py", line 664, in load_and_activate_plugin
    raise RuntimeError(
        f"PLUGIN_MIN_RUNTIME={min_runtime} requiere runtime mas nuevo que {CAPATCH_PLUGIN_RUNTIME_VERSION}"
    )
RuntimeError: PLUGIN_MIN_RUNTIME=6.0.0 requiere runtime mas nuevo que 5.0.0


[2026-04-10T01:22:12] [load] Plugin rechazado: F:\repos\hitech-os\apps\code-atlas\capatch_system\capatch_plugins\active\recommender_safe_fix_plan.py
RuntimeError: PLUGIN_MIN_RUNTIME=6.0.0 requiere runtime mas nuevo que 5.0.0
Traceback (most recent call last):
  File "F:\repos\hitech-os\apps\code-atlas\capatch_system\capatch_legacy.py", line 664, in load_and_activate_plugin
    raise RuntimeError(
        f"PLUGIN_MIN_RUNTIME={min_runtime} requiere runtime mas nuevo que {CAPATCH_PLUGIN_RUNTIME_VERSION}"
    )
RuntimeError: PLUGIN_MIN_RUNTIME=6.0.0 requiere runtime mas nuevo que 5.0.0


[2026-04-10T01:22:12] [load] Plugin rechazado: F:\repos\hitech-os\apps\code-atlas\capatch_system\capatch_plugins\active\recommender_safe_fix_plan.py
RuntimeError: PLUGIN_MIN_RUNTIME=6.0.0 requiere runtime mas nuevo que 5.0.0
Traceback (most recent call last):
  File "F:\repos\hitech-os\apps\code-atlas\capatch_system\capatch_legacy.py", line 664, in load_and_activate_plugin
    raise RuntimeError(
        f"PLUGIN_MIN_RUNTIME={min_runtime} requiere runtime mas nuevo que {CAPATCH_PLUGIN_RUNTIME_VERSION}"
    )
RuntimeError: PLUGIN_MIN_RUNTIME=6.0.0 requiere runtime mas nuevo que 5.0.0


[2026-04-10T01:22:12] [load] Plugin rechazado: F:\repos\hitech-os\apps\code-atlas\capatch_system\capatch_plugins\active\recommender_safe_fix_plan.py
RuntimeError: PLUGIN_MIN_RUNTIME=6.0.0 requiere runtime mas nuevo que 5.0.0
Traceback (most recent call last):
  File "F:\repos\hitech-os\apps\code-atlas\capatch_system\capatch_legacy.py", line 664, in load_and_activate_plugin
    raise RuntimeError(
        f"PLUGIN_MIN_RUNTIME={min_runtime} requiere runtime mas nuevo que {CAPATCH_PLUGIN_RUNTIME_VERSION}"
    )
RuntimeError: PLUGIN_MIN_RUNTIME=6.0.0 requiere runtime mas nuevo que 5.0.0


[2026-04-10T01:23:34] [load] Plugin rechazado: F:\repos\hitech-os\apps\code-atlas\capatch_system\capatch_plugins\active\recommender_safe_fix_plan.py
RuntimeError: PLUGIN_MIN_RUNTIME=6.0.0 requiere runtime mas nuevo que 5.0.0
Traceback (most recent call last):
  File "F:\repos\hitech-os\apps\code-atlas\capatch_system\capatch_legacy.py", line 664, in load_and_activate_plugin
    raise RuntimeError(
        f"PLUGIN_MIN_RUNTIME={min_runtime} requiere runtime mas nuevo que {CAPATCH_PLUGIN_RUNTIME_VERSION}"
    )
RuntimeError: PLUGIN_MIN_RUNTIME=6.0.0 requiere runtime mas nuevo que 5.0.0


[2026-04-10T01:23:38] [load] Plugin rechazado: F:\repos\hitech-os\apps\code-atlas\capatch_system\capatch_plugins\active\recommender_safe_fix_plan.py
RuntimeError: PLUGIN_MIN_RUNTIME=6.0.0 requiere runtime mas nuevo que 5.0.0
Traceback (most recent call last):
  File "F:\repos\hitech-os\apps\code-atlas\capatch_system\capatch_legacy.py", line 664, in load_and_activate_plugin
    raise RuntimeError(
        f"PLUGIN_MIN_RUNTIME={min_runtime} requiere runtime mas nuevo que {CAPATCH_PLUGIN_RUNTIME_VERSION}"
    )
RuntimeError: PLUGIN_MIN_RUNTIME=6.0.0 requiere runtime mas nuevo que 5.0.0


[2026-04-10T01:23:49] [load] Plugin rechazado: F:\repos\hitech-os\apps\code-atlas\capatch_system\capatch_plugins\active\recommender_safe_fix_plan.py
RuntimeError: PLUGIN_MIN_RUNTIME=6.0.0 requiere runtime mas nuevo que 5.0.0
Traceback (most recent call last):
  File "F:\repos\hitech-os\apps\code-atlas\capatch_system\capatch_legacy.py", line 664, in load_and_activate_plugin
    raise RuntimeError(
        f"PLUGIN_MIN_RUNTIME={min_runtime} requiere runtime mas nuevo que {CAPATCH_PLUGIN_RUNTIME_VERSION}"
    )
RuntimeError: PLUGIN_MIN_RUNTIME=6.0.0 requiere runtime mas nuevo que 5.0.0


[2026-04-10T01:23:50] [load] Plugin rechazado: F:\repos\hitech-os\apps\code-atlas\capatch_system\capatch_plugins\active\recommender_safe_fix_plan.py
RuntimeError: PLUGIN_MIN_RUNTIME=6.0.0 requiere runtime mas nuevo que 5.0.0
Traceback (most recent call last):
  File "F:\repos\hitech-os\apps\code-atlas\capatch_system\capatch_legacy.py", line 664, in load_and_activate_plugin
    raise RuntimeError(
        f"PLUGIN_MIN_RUNTIME={min_runtime} requiere runtime mas nuevo que {CAPATCH_PLUGIN_RUNTIME_VERSION}"
    )
RuntimeError: PLUGIN_MIN_RUNTIME=6.0.0 requiere runtime mas nuevo que 5.0.0


[2026-04-10T01:23:50] [load] Plugin rechazado: F:\repos\hitech-os\apps\code-atlas\capatch_system\capatch_plugins\active\recommender_safe_fix_plan.py
RuntimeError: PLUGIN_MIN_RUNTIME=6.0.0 requiere runtime mas nuevo que 5.0.0
Traceback (most recent call last):
  File "F:\repos\hitech-os\apps\code-atlas\capatch_system\capatch_legacy.py", line 664, in load_and_activate_plugin
    raise RuntimeError(
        f"PLUGIN_MIN_RUNTIME={min_runtime} requiere runtime mas nuevo que {CAPATCH_PLUGIN_RUNTIME_VERSION}"
    )
RuntimeError: PLUGIN_MIN_RUNTIME=6.0.0 requiere runtime mas nuevo que 5.0.0


[2026-04-10T01:23:50] [load] Plugin rechazado: F:\repos\hitech-os\apps\code-atlas\capatch_system\capatch_plugins\active\recommender_safe_fix_plan.py
RuntimeError: PLUGIN_MIN_RUNTIME=6.0.0 requiere runtime mas nuevo que 5.0.0
Traceback (most recent call last):
  File "F:\repos\hitech-os\apps\code-atlas\capatch_system\capatch_legacy.py", line 664, in load_and_activate_plugin
    raise RuntimeError(
        f"PLUGIN_MIN_RUNTIME={min_runtime} requiere runtime mas nuevo que {CAPATCH_PLUGIN_RUNTIME_VERSION}"
    )
RuntimeError: PLUGIN_MIN_RUNTIME=6.0.0 requiere runtime mas nuevo que 5.0.0


[2026-04-10T01:23:50] [load] Plugin rechazado: F:\repos\hitech-os\apps\code-atlas\capatch_system\capatch_plugins\active\recommender_safe_fix_plan.py
RuntimeError: PLUGIN_MIN_RUNTIME=6.0.0 requiere runtime mas nuevo que 5.0.0
Traceback (most recent call last):
  File "F:\repos\hitech-os\apps\code-atlas\capatch_system\capatch_legacy.py", line 664, in load_and_activate_plugin
    raise RuntimeError(
        f"PLUGIN_MIN_RUNTIME={min_runtime} requiere runtime mas nuevo que {CAPATCH_PLUGIN_RUNTIME_VERSION}"
    )
RuntimeError: PLUGIN_MIN_RUNTIME=6.0.0 requiere runtime mas nuevo que 5.0.0


